Component: ARM Compiler 5.05 update 1 (build 106) Tool: armlink [4d0efa]

==============================================================================

Section Cross References

    main.o(i.main) refers to delay.o(i.delay_init) for delay_init
    main.o(i.main) refers to misc.o(i.NVIC_PriorityGroupConfig) for NVIC_PriorityGroupConfig
    main.o(i.main) refers to usart.o(i.uart_init) for uart_init
    main.o(i.main) refers to led.o(i.LED_Init) for LED_Init
    main.o(i.main) refers to key.o(i.KEY_Init) for KEY_Init
    main.o(i.main) refers to usart2.o(i.usart2_init) for usart2_init
    main.o(i.main) refers to usart3.o(i.usart3_init) for usart3_init
    main.o(i.main) refers to printfa.o(i.__0printf) for __2printf
    main.o(i.main) refers to common.o(i.atk_8266_send_cmd) for atk_8266_send_cmd
    main.o(i.main) refers to delay.o(i.delay_ms) for delay_ms
    main.o(i.main) refers to common.o(i.atk_8266_quit_trans) for atk_8266_quit_trans
    main.o(i.main) refers to text.o(i.Show_Str) for Show_Str
    main.o(i.main) refers to mqtt.o(i.MQTT_Process) for MQTT_Process
    system_stm32f10x.o(i.SetSysClock) refers to system_stm32f10x.o(i.SetSysClockTo72) for SetSysClockTo72
    system_stm32f10x.o(i.SystemCoreClockUpdate) refers to system_stm32f10x.o(.data) for SystemCoreClock
    system_stm32f10x.o(i.SystemInit) refers to system_stm32f10x.o(i.SetSysClock) for SetSysClock
    startup_stm32f10x_hd.o(RESET) refers to startup_stm32f10x_hd.o(STACK) for __initial_sp
    startup_stm32f10x_hd.o(RESET) refers to startup_stm32f10x_hd.o(.text) for Reset_Handler
    startup_stm32f10x_hd.o(RESET) refers to stm32f10x_it.o(i.NMI_Handler) for NMI_Handler
    startup_stm32f10x_hd.o(RESET) refers to stm32f10x_it.o(i.HardFault_Handler) for HardFault_Handler
    startup_stm32f10x_hd.o(RESET) refers to stm32f10x_it.o(i.MemManage_Handler) for MemManage_Handler
    startup_stm32f10x_hd.o(RESET) refers to stm32f10x_it.o(i.BusFault_Handler) for BusFault_Handler
    startup_stm32f10x_hd.o(RESET) refers to stm32f10x_it.o(i.UsageFault_Handler) for UsageFault_Handler
    startup_stm32f10x_hd.o(RESET) refers to stm32f10x_it.o(i.SVC_Handler) for SVC_Handler
    startup_stm32f10x_hd.o(RESET) refers to stm32f10x_it.o(i.DebugMon_Handler) for DebugMon_Handler
    startup_stm32f10x_hd.o(RESET) refers to stm32f10x_it.o(i.PendSV_Handler) for PendSV_Handler
    startup_stm32f10x_hd.o(RESET) refers to stm32f10x_it.o(i.SysTick_Handler) for SysTick_Handler
    startup_stm32f10x_hd.o(RESET) refers to usmart.o(i.TIM4_IRQHandler) for TIM4_IRQHandler
    startup_stm32f10x_hd.o(RESET) refers to usart.o(i.USART1_IRQHandler) for USART1_IRQHandler
    startup_stm32f10x_hd.o(RESET) refers to usart2.o(i.USART2_IRQHandler) for USART2_IRQHandler
    startup_stm32f10x_hd.o(RESET) refers to usart3.o(i.USART3_IRQHandler) for USART3_IRQHandler
    startup_stm32f10x_hd.o(RESET) refers to sdio_sdcard.o(i.SDIO_IRQHandler) for SDIO_IRQHandler
    startup_stm32f10x_hd.o(RESET) refers to timer.o(i.TIM6_IRQHandler) for TIM6_IRQHandler
    startup_stm32f10x_hd.o(RESET) refers to timer.o(i.TIM7_IRQHandler) for TIM7_IRQHandler
    startup_stm32f10x_hd.o(.text) refers to system_stm32f10x.o(i.SystemInit) for SystemInit
    startup_stm32f10x_hd.o(.text) refers to entry.o(.ARM.Collect$$$$00000000) for __main
    delay.o(i.delay_init) refers to misc.o(i.SysTick_CLKSourceConfig) for SysTick_CLKSourceConfig
    delay.o(i.delay_init) refers to system_stm32f10x.o(.data) for SystemCoreClock
    delay.o(i.delay_init) refers to delay.o(.data) for fac_us
    delay.o(i.delay_ms) refers to delay.o(.data) for fac_ms
    delay.o(i.delay_us) refers to delay.o(.data) for fac_us
    usart.o(i.USART1_IRQHandler) refers to stm32f10x_usart.o(i.USART_GetITStatus) for USART_GetITStatus
    usart.o(i.USART1_IRQHandler) refers to stm32f10x_usart.o(i.USART_ReceiveData) for USART_ReceiveData
    usart.o(i.USART1_IRQHandler) refers to usart.o(.data) for USART_RX_STA
    usart.o(i.USART1_IRQHandler) refers to usart.o(.bss) for USART_RX_BUF
    usart.o(i.uart_init) refers to stm32f10x_rcc.o(i.RCC_APB2PeriphClockCmd) for RCC_APB2PeriphClockCmd
    usart.o(i.uart_init) refers to stm32f10x_gpio.o(i.GPIO_Init) for GPIO_Init
    usart.o(i.uart_init) refers to misc.o(i.NVIC_Init) for NVIC_Init
    usart.o(i.uart_init) refers to stm32f10x_usart.o(i.USART_Init) for USART_Init
    usart.o(i.uart_init) refers to stm32f10x_usart.o(i.USART_ITConfig) for USART_ITConfig
    usart.o(i.uart_init) refers to stm32f10x_usart.o(i.USART_Cmd) for USART_Cmd
    24cxx.o(i.AT24CXX_Check) refers to 24cxx.o(i.AT24CXX_ReadOneByte) for AT24CXX_ReadOneByte
    24cxx.o(i.AT24CXX_Check) refers to 24cxx.o(i.AT24CXX_WriteOneByte) for AT24CXX_WriteOneByte
    24cxx.o(i.AT24CXX_Init) refers to myiic.o(i.IIC_Init) for IIC_Init
    24cxx.o(i.AT24CXX_Read) refers to 24cxx.o(i.AT24CXX_ReadOneByte) for AT24CXX_ReadOneByte
    24cxx.o(i.AT24CXX_ReadLenByte) refers to 24cxx.o(i.AT24CXX_ReadOneByte) for AT24CXX_ReadOneByte
[...]
    ../clib/microlib/malloc/malloc.c         0x00000000   Number         0  malloca.o ABSOLUTE
    ../clib/microlib/malloc/malloc.c         0x00000000   Number         0  mallocr.o ABSOLUTE
    ../clib/microlib/malloc/malloc.c         0x00000000   Number         0  malloc.o ABSOLUTE
    ../clib/microlib/malloc/mvars.c          0x00000000   Number         0  mvars.o ABSOLUTE
    ../clib/microlib/printf/printf.c         0x00000000   Number         0  printf6.o ABSOLUTE
    ../clib/microlib/printf/printf.c         0x00000000   Number         0  printf5.o ABSOLUTE
    ../clib/microlib/printf/printf.c         0x00000000   Number         0  printf7.o ABSOLUTE
    ../clib/microlib/printf/printf.c         0x00000000   Number         0  printf3.o ABSOLUTE
    ../clib/microlib/printf/printf.c         0x00000000   Number         0  printf2.o ABSOLUTE
    ../clib/microlib/printf/printf.c         0x00000000   Number         0  printf1.o ABSOLUTE
    ../clib/microlib/printf/printf.c         0x00000000   Number         0  printf0.o ABSOLUTE
    ../clib/microlib/printf/printf.c         0x00000000   Number         0  printfb.o ABSOLUTE
    ../clib/microlib/printf/printf.c         0x00000000   Number         0  printf4.o ABSOLUTE
    ../clib/microlib/printf/printf.c         0x00000000   Number         0  printfa.o ABSOLUTE
    ../clib/microlib/printf/printf.c         0x00000000   Number         0  printf8.o ABSOLUTE
    ../clib/microlib/printf/stubs.s          0x00000000   Number         0  stubs.o ABSOLUTE
    ../clib/microlib/string/memcmp.c         0x00000000   Number         0  memcmp.o ABSOLUTE
    ../clib/microlib/string/memcpy.c         0x00000000   Number         0  memcpya.o ABSOLUTE
    ../clib/microlib/string/memcpy.c         0x00000000   Number         0  memcpyb.o ABSOLUTE
    ../clib/microlib/string/memset.c         0x00000000   Number         0  memseta.o ABSOLUTE
    ../clib/microlib/string/strcat.c         0x00000000   Number         0  strcat.o ABSOLUTE
    ../clib/microlib/string/strcmp.c         0x00000000   Number         0  strcmp.o ABSOLUTE
    ../clib/microlib/string/strcpy.c         0x00000000   Number         0  strcpy.o ABSOLUTE
    ../clib/microlib/string/strlen.c         0x00000000   Number         0  strlen.o ABSOLUTE
    ../clib/microlib/string/strncmp.c        0x00000000   Number         0  strncmp.o ABSOLUTE
    ../clib/microlib/string/strstr.c         0x00000000   Number         0  strstr.o ABSOLUTE
    ../clib/microlib/stubs.s                 0x00000000   Number         0  iusefp.o ABSOLUTE
    ../clib/microlib/stubs.s                 0x00000000   Number         0  useno.o ABSOLUTE
    ../clib/scanf.c                          0x00000000   Number         0  _sgetc.o ABSOLUTE
    ../clib/scanf.c                          0x00000000   Number         0  scanf_fp.o ABSOLUTE
    ../clib/scanf.c                          0x00000000   Number         0  _scanf.o ABSOLUTE
    ../clib/scanf.c                          0x00000000   Number         0  scanf_char.o ABSOLUTE
    ../clib/scanf.c                          0x00000000   Number         0  _chval.o ABSOLUTE
    ../clib/scanf.c                          0x00000000   Number         0  __0sscanf.o ABSOLUTE
    ../clib/scanf.c                          0x00000000   Number         0  _scanf_int.o ABSOLUTE
    ../clib/scanf.c                          0x00000000   Number         0  strtod.o ABSOLUTE
    ../fplib/microlib/d2f.c                  0x00000000   Number         0  d2f.o ABSOLUTE
    ../fplib/microlib/f2d.c                  0x00000000   Number         0  f2d.o ABSOLUTE
    ../fplib/microlib/fpadd.c                0x00000000   Number         0  dadd.o ABSOLUTE
    ../fplib/microlib/fpadd.c                0x00000000   Number         0  fadd.o ABSOLUTE
    ../fplib/microlib/fpdiv.c                0x00000000   Number         0  fdiv.o ABSOLUTE
    ../fplib/microlib/fpdiv.c                0x00000000   Number         0  ddiv.o ABSOLUTE
    ../fplib/microlib/fpepilogue.c           0x00000000   Number         0  depilogue.o ABSOLUTE
    ../fplib/microlib/fpepilogue.c           0x00000000   Number         0  fepilogue.o ABSOLUTE
    ../fplib/microlib/fpfix.c                0x00000000   Number         0  dfixi.o ABSOLUTE
    ../fplib/microlib/fpfix.c                0x00000000   Number         0  ffixi.o ABSOLUTE
    ../fplib/microlib/fpfix.c                0x00000000   Number         0  ffixui.o ABSOLUTE
    ../fplib/microlib/fpfix.c                0x00000000   Number         0  dfixui.o ABSOLUTE
    ../fplib/microlib/fpfix.c                0x00000000   Number         0  dfixul.o ABSOLUTE
    ../fplib/microlib/fpflt.c                0x00000000   Number         0  dfltul.o ABSOLUTE
    ../fplib/microlib/fpflt.c                0x00000000   Number         0  dfltui.o ABSOLUTE
    ../fplib/microlib/fpflt.c                0x00000000   Number         0  dflti.o ABSOLUTE
    ../fplib/microlib/fpflt.c                0x00000000   Number         0  ffltui.o ABSOLUTE
    ../fplib/microlib/fpflt.c                0x00000000   Number         0  fflti.o ABSOLUTE
    ../fplib/microlib/fpmul.c                0x00000000   Number         0  dmul.o ABSOLUTE
    ../fplib/microlib/fpmul.c                0x00000000   Number         0  fmul.o ABSOLUTE
    ../fplib/microlib/fpsqrt.c               0x00000000   Number         0  dsqrt.o ABSOLUTE
    ../mathlib/sqrt.c                        0x00000000   Number         0  sqrt.o ABSOLUTE
    ../mathlib/sqrt.c                        0x00000000   Number         0  sqrt_x.o ABSOLUTE
    ../mathlib/strtod.c                      0x00000000   Number         0  strtod.o ABSOLUTE
    ..\ATK-ESP8266\common.c                  0x00000000   Number         0  common.o ABSOLUTE
    ..\CJSON\cJSON.c                         0x00000000   Number         0  cjson.o ABSOLUTE
    ..\CORE\core_cm3.c                       0x00000000   Number         0  core_cm3.o ABSOLUTE
    ..\CORE\startup_stm32f10x_hd.s           0x00000000   Number         0  startup_stm32f10x_hd.o ABSOLUTE
    ..\FATFS\exfuns\exfuns.c                 0x00000000   Number         0  exfuns.o ABSOLUTE
    ..\FATFS\exfuns\fattester.c              0x00000000   Number         0  fattester.o ABSOLUTE
    ..\FATFS\exfuns\mycc936.c                0x00000000   Number         0  mycc936.o ABSOLUTE
    ..\FATFS\src\diskio.c                    0x00000000   Number         0  diskio.o ABSOLUTE
    ..\FATFS\src\ff.c                        0x00000000   Number         0  ff.o ABSOLUTE
    ..\HARDWARE\24CXX\24cxx.c                0x00000000   Number         0  24cxx.o ABSOLUTE
    ..\HARDWARE\IIC\myiic.c                  0x00000000   Number         0  myiic.o ABSOLUTE
    ..\HARDWARE\KEY\key.c                    0x00000000   Number         0  key.o ABSOLUTE
    ..\HARDWARE\LCD\lcd.c                    0x00000000   Number         0  lcd.o ABSOLUTE
    ..\HARDWARE\LED\led.c                    0x00000000   Number         0  led.o ABSOLUTE
    ..\HARDWARE\SDIO\sdio_sdcard.c           0x00000000   Number         0  sdio_sdcard.o ABSOLUTE
    ..\HARDWARE\SPI\spi.c                    0x00000000   Number         0  spi.o ABSOLUTE
    ..\HARDWARE\TIMER\timer.c                0x00000000   Number         0  timer.o ABSOLUTE
    ..\HARDWARE\TOUCH\ctiic.c                0x00000000   Number         0  ctiic.o ABSOLUTE
    ..\HARDWARE\TOUCH\ft5206.c               0x00000000   Number         0  ft5206.o ABSOLUTE
    ..\HARDWARE\TOUCH\gt9147.c               0x00000000   Number         0  gt9147.o ABSOLUTE
    ..\HARDWARE\TOUCH\ott2001a.c             0x00000000   Number         0  ott2001a.o ABSOLUTE
    ..\HARDWARE\TOUCH\touch.c                0x00000000   Number         0  touch.o ABSOLUTE
    ..\HARDWARE\USART2\usart2.c              0x00000000   Number         0  usart2.o ABSOLUTE
    ..\HARDWARE\USART3\usart3.c              0x00000000   Number         0  usart3.o ABSOLUTE
    ..\HARDWARE\W25QXX\w25qxx.c              0x00000000   Number         0  w25qxx.o ABSOLUTE
    ..\MALLOC\malloc.c                       0x00000000   Number         0  malloc.o ABSOLUTE
    ..\MQTT\MQTT.c                           0x00000000   Number         0  mqtt.o ABSOLUTE
    ..\MQTT\MQTTConnectClient.c              0x00000000   Number         0  mqttconnectclient.o ABSOLUTE
    ..\MQTT\MQTTConnectServer.c              0x00000000   Number         0  mqttconnectserver.o ABSOLUTE
    ..\MQTT\MQTTDeserializePublish.c         0x00000000   Number         0  mqttdeserializepublish.o ABSOLUTE
    ..\MQTT\MQTTFormat.c                     0x00000000   Number         0  mqttformat.o ABSOLUTE
    ..\MQTT\MQTTPacket.c                     0x00000000   Number         0  mqttpacket.o ABSOLUTE
    ..\MQTT\MQTTSerializePublish.c           0x00000000   Number         0  mqttserializepublish.o ABSOLUTE
    ..\MQTT\MQTTSubscribeClient.c            0x00000000   Number         0  mqttsubscribeclient.o ABSOLUTE
    ..\MQTT\MQTTSubscribeServer.c            0x00000000   Number         0  mqttsubscribeserver.o ABSOLUTE
    ..\MQTT\MQTTUnsubscribeClient.c          0x00000000   Number         0  mqttunsubscribeclient.o ABSOLUTE
    ..\MQTT\MQTTUnsubscribeServer.c          0x00000000   Number         0  mqttunsubscribeserver.o ABSOLUTE
    ..\MQTT\transport.c                      0x00000000   Number         0  transport.o ABSOLUTE
    ..\STM32F10x_FWLib\src\misc.c            0x00000000   Number         0  misc.o ABSOLUTE
    ..\STM32F10x_FWLib\src\stm32f10x_dma.c   0x00000000   Number         0  stm32f10x_dma.o ABSOLUTE
    ..\STM32F10x_FWLib\src\stm32f10x_exti.c  0x00000000   Number         0  stm32f10x_exti.o ABSOLUTE
    ..\STM32F10x_FWLib\src\stm32f10x_fsmc.c  0x00000000   Number         0  stm32f10x_fsmc.o ABSOLUTE
    ..\STM32F10x_FWLib\src\stm32f10x_gpio.c  0x00000000   Number         0  stm32f10x_gpio.o ABSOLUTE
    ..\STM32F10x_FWLib\src\stm32f10x_rcc.c   0x00000000   Number         0  stm32f10x_rcc.o ABSOLUTE
    ..\STM32F10x_FWLib\src\stm32f10x_sdio.c  0x00000000   Number         0  stm32f10x_sdio.o ABSOLUTE
    ..\STM32F10x_FWLib\src\stm32f10x_spi.c   0x00000000   Number         0  stm32f10x_spi.o ABSOLUTE
    ..\STM32F10x_FWLib\src\stm32f10x_tim.c   0x00000000   Number         0  stm32f10x_tim.o ABSOLUTE
    ..\STM32F10x_FWLib\src\stm32f10x_usart.c 0x00000000   Number         0  stm32f10x_usart.o ABSOLUTE
    ..\SYSTEM\delay\delay.c                  0x00000000   Number         0  delay.o ABSOLUTE
    ..\SYSTEM\sys\sys.c                      0x00000000   Number         0  sys.o ABSOLUTE
    ..\SYSTEM\usart\usart.c                  0x00000000   Number         0  usart.o ABSOLUTE
    ..\TEXT\fontupd.c                        0x00000000   Number         0  fontupd.o ABSOLUTE
    ..\TEXT\text.c                           0x00000000   Number         0  text.o ABSOLUTE
    ..\USMART\usmart.c                       0x00000000   Number         0  usmart.o ABSOLUTE
    ..\USMART\usmart_config.c                0x00000000   Number         0  usmart_config.o ABSOLUTE
    ..\USMART\usmart_str.c                   0x00000000   Number         0  usmart_str.o ABSOLUTE
    ..\\CORE\\core_cm3.c                     0x00000000   Number         0  core_cm3.o ABSOLUTE
    ..\\SYSTEM\\sys\\sys.c                   0x00000000   Number         0  sys.o ABSOLUTE
    cdcmple.s                                0x00000000   Number         0  cdcmple.o ABSOLUTE
    cdrcmple.s                               0x00000000   Number         0  cdrcmple.o ABSOLUTE
    cfcmple.s                                0x00000000   Number         0  cfcmple.o ABSOLUTE
    dc.s                                     0x00000000   Number         0  dc.o ABSOLUTE
    handlers.s                               0x00000000   Number         0  handlers.o ABSOLUTE
    init.s                                   0x00000000   Number         0  init.o ABSOLUTE
    main.c                                   0x00000000   Number         0  main.o ABSOLUTE
    stm32f10x_it.c                           0x00000000   Number         0  stm32f10x_it.o ABSOLUTE
    system_stm32f10x.c                       0x00000000   Number         0  system_stm32f10x.o ABSOLUTE
    RESET                                    0x08000000   Section      304  startup_stm32f10x_hd.o(RESET)
    .ARM.Collect$$$$00000000                 0x08000130   Section        0  entry.o(.ARM.Collect$$$$00000000)
    .ARM.Collect$$$$00000001                 0x08000130   Section        4  entry2.o(.ARM.Collect$$$$00000001)
    .ARM.Collect$$$$00000004                 0x08000134   Section        4  entry5.o(.ARM.Collect$$$$00000004)
    .ARM.Collect$$$$00000008                 0x08000138   Section        0  entry7b.o(.ARM.Collect$$$$00000008)
    .ARM.Collect$$$$0000000A                 0x08000138   Section        0  entry8b.o(.ARM.Collect$$$$0000000A)
    .ARM.Collect$$$$0000000B                 0x08000138   Section        8  entry9a.o(.ARM.Collect$$$$0000000B)
    .ARM.Collect$$$$0000000D                 0x08000140   Section        0  entry10a.o(.ARM.Collect$$$$0000000D)
    .ARM.Collect$$$$0000000F                 0x08000140   Section        0  entry11a.o(.ARM.Collect$$$$0000000F)
    .ARM.Collect$$$$00002712                 0x08000140   Section        4  entry2.o(.ARM.Collect$$$$00002712)
    __lit__00000000                          0x08000140   Data           4  entry2.o(.ARM.Collect$$$$00002712)
    .text                                    0x08000144   Section       36  startup_stm32f10x_hd.o(.text)
    .text                                    0x08000168   Section        0  memcpya.o(.text)
    .text                                    0x0800018c   Section        0  memseta.o(.text)
    .text                                    0x080001b0   Section        0  strstr.o(.text)
    .text                                    0x080001d4   Section        0  strlen.o(.text)
    .text                                    0x080001e4   Section        0  __0sscanf.o(.text)
    .text                                    0x0800021c   Section        0  _scanf_int.o(.text)
    .text                                    0x08000368   Section        0  dadd.o(.text)
    .text                                    0x080004b6   Section        0  dmul.o(.text)
    .text                                    0x0800059c   Section       48  cdrcmple.o(.text)
    .text                                    0x080005cc   Section        0  uidiv.o(.text)
    .text                                    0x080005f8   Section        0  uldiv.o(.text)
    .text                                    0x0800065a   Section        0  llshl.o(.text)
    .text                                    0x08000678   Section        0  llushr.o(.text)
    .text                                    0x08000698   Section        0  llsshr.o(.text)
    .text                                    0x080006bc   Section        0  _chval.o(.text)
    .text                                    0x080006d8   Section        0  scanf_char.o(.text)
    _scanf_char_input                        0x080006d9   Thumb Code    12  scanf_char.o(.text)
    .text                                    0x08000700   Section        0  _sgetc.o(.text)
    .text                                    0x08000740   Section        0  depilogue.o(.text)
    .text                                    0x08000740   Section        0  iusefp.o(.text)
    .text                                    0x080007fa   Section        0  ddiv.o(.text)
    .text                                    0x080008d8   Section        0  dfixul.o(.text)
    .text                                    0x08000908   Section       36  init.o(.text)
    .text                                    0x0800092c   Section        0  isspace_c.o(.text)
    .text                                    0x08000938   Section        0  _scanf.o(.text)
    .text                                    0x08000c64   Section        0  ctype_c.o(.text)
    .text                                    0x08000c8c   Section        0  __dczerorl2.o(.text)
    i.BusFault_Handler                       0x08000ce2   Section        0  stm32f10x_it.o(i.BusFault_Handler)
    i.CmdResp1Error                          0x08000ce8   Section        0  sdio_sdcard.o(i.CmdResp1Error)
    i.DebugMon_Handler                       0x08000d48   Section        0  stm32f10x_it.o(i.DebugMon_Handler)
    i.GPIO_Init                              0x08000d4a   Section        0  stm32f10x_gpio.o(i.GPIO_Init)
    i.GPIO_ReadInputDataBit                  0x08000e60   Section        0  stm32f10x_gpio.o(i.GPIO_ReadInputDataBit)
    i.GPIO_SetBits                           0x08000e72   Section        0  stm32f10x_gpio.o(i.GPIO_SetBits)
    i.HardFault_Handler                      0x08000e76   Section        0  stm32f10x_it.o(i.HardFault_Handler)
    i.Json_Create                            0x08000e7c   Section        0  mqtt.o(i.Json_Create)
    i.Json_Parse_Aliyun                      0x08000f28   Section        0  mqtt.o(i.Json_Parse_Aliyun)
    i.Json_Parse_ZigBee                      0x08001028   Section        0  mqtt.o(i.Json_Parse_ZigBee)
    i.KEY_Init                               0x080010a0   Section        0  key.o(i.KEY_Init)
    i.KEY_Scan                               0x080010dc   Section        0  key.o(i.KEY_Scan)
    i.LED_Init                               0x080011a4   Section        0  led.o(i.LED_Init)
    i.MQTTPacket_encode                      0x080011f0   Section        0  mqttpacket.o(i.MQTTPacket_encode)
    i.MQTTPacket_len                         0x08001228   Section        0  mqttpacket.o(i.MQTTPacket_len)
    i.MQTTSerialize_connect                  0x08001250   Section        0  mqttconnectclient.o(i.MQTTSerialize_connect)
    i.MQTTSerialize_connectLength            0x080013b8   Section        0  mqttconnectclient.o(i.MQTTSerialize_connectLength)
    i.MQTTSerialize_publish                  0x0800142e   Section        0  mqttserializepublish.o(i.MQTTSerialize_publish)
    i.MQTTSerialize_publishLength            0x080014de   Section        0  mqttserializepublish.o(i.MQTTSerialize_publishLength)
    i.MQTT_Connect                           0x08001500   Section        0  mqtt.o(i.MQTT_Connect)
    i.MQTT_HandleKeys                        0x08001588   Section        0  mqtt.o(i.MQTT_HandleKeys)
    i.MQTT_Init                              0x08001628   Section        0  mqtt.o(i.MQTT_Init)
    i.MQTT_Process                           0x08001784   Section        0  mqtt.o(i.MQTT_Process)
    i.MQTT_Publish                           0x0800186c   Section        0  mqtt.o(i.MQTT_Publish)
    i.MQTT_Subscribe                         0x080018d8   Section        0  mqtt.o(i.MQTT_Subscribe)
    i.MQTTstrlen                             0x08001968   Section        0  mqttpacket.o(i.MQTTstrlen)
    i.MemManage_Handler                      0x08001980   Section        0  stm32f10x_it.o(i.MemManage_Handler)
    i.NMI_Handler                            0x08001984   Section        0  stm32f10x_it.o(i.NMI_Handler)
    i.NVIC_Init                              0x08001988   Section        0  misc.o(i.NVIC_Init)
    i.NVIC_PriorityGroupConfig               0x080019f8   Section        0  misc.o(i.NVIC_PriorityGroupConfig)
    i.PendSV_Handler                         0x08001a0c   Section        0  stm32f10x_it.o(i.PendSV_Handler)
    i.RAIN_Auto_Process                      0x08001a10   Section        0  mqtt.o(i.RAIN_Auto_Process)
    i.RCC_APB1PeriphClockCmd                 0x08001a74   Section        0  stm32f10x_rcc.o(i.RCC_APB1PeriphClockCmd)
    i.RCC_APB1PeriphResetCmd                 0x08001a94   Section        0  stm32f10x_rcc.o(i.RCC_APB1PeriphResetCmd)
    i.RCC_APB2PeriphClockCmd                 0x08001ab4   Section        0  stm32f10x_rcc.o(i.RCC_APB2PeriphClockCmd)
    i.RCC_APB2PeriphResetCmd                 0x08001ad4   Section        0  stm32f10x_rcc.o(i.RCC_APB2PeriphResetCmd)
    i.RCC_GetClocksFreq                      0x08001af4   Section        0  stm32f10x_rcc.o(i.RCC_GetClocksFreq)
    i.SDIO_ClearFlag                         0x08001bc8   Section        0  stm32f10x_sdio.o(i.SDIO_ClearFlag)
    i.SDIO_GetFlagStatus                     0x08001bd4   Section        0  stm32f10x_sdio.o(i.SDIO_GetFlagStatus)
    i.SDIO_IRQHandler                        0x08001bec   Section        0  sdio_sdcard.o(i.SDIO_IRQHandler)
    i.SDIO_SendCommand                       0x08001bf4   Section        0  stm32f10x_sdio.o(i.SDIO_SendCommand)
    i.SD_ProcessIRQSrc                       0x08001c20   Section        0  sdio_sdcard.o(i.SD_ProcessIRQSrc)
    i.SVC_Handler                            0x08001d5c   Section        0  stm32f10x_it.o(i.SVC_Handler)
    i.SetSysClock                            0x08001d5e   Section        0  system_stm32f10x.o(i.SetSysClock)
    SetSysClock                              0x08001d5f   Thumb Code     8  system_stm32f10x.o(i.SetSysClock)
    i.SetSysClockTo72                        0x08001d68   Section        0  system_stm32f10x.o(i.SetSysClockTo72)
    SetSysClockTo72                          0x08001d69   Thumb Code   214  system_stm32f10x.o(i.SetSysClockTo72)
    i.Show_Str                               0x08001e48   Section        0  text.o(i.Show_Str)
    i.SysTick_CLKSourceConfig                0x08001e74   Section        0  misc.o(i.SysTick_CLKSourceConfig)
    i.SysTick_Handler                        0x08001e9c   Section        0  stm32f10x_it.o(i.SysTick_Handler)
    i.SystemInit                             0x08001ea0   Section        0  system_stm32f10x.o(i.SystemInit)
    i.TIM4_IRQHandler                        0x08001f00   Section        0  usmart.o(i.TIM4_IRQHandler)
    i.TIM6_IRQHandler                        0x08001f38   Section        0  timer.o(i.TIM6_IRQHandler)
    i.TIM6_Int_Init                          0x08001f6c   Section        0  timer.o(i.TIM6_Int_Init)
    i.TIM7_IRQHandler                        0x08001fcc   Section        0  timer.o(i.TIM7_IRQHandler)
    i.TIM7_Int_Init                          0x08002000   Section        0  timer.o(i.TIM7_Int_Init)
    i.TIM_ClearFlag                          0x08002060   Section        0  stm32f10x_tim.o(i.TIM_ClearFlag)
    i.TIM_ClearITPendingBit                  0x08002066   Section        0  stm32f10x_tim.o(i.TIM_ClearITPendingBit)
    i.TIM_Cmd                                0x0800206c   Section        0  stm32f10x_tim.o(i.TIM_Cmd)
    i.TIM_GetCounter                         0x08002084   Section        0  stm32f10x_tim.o(i.TIM_GetCounter)
    i.TIM_GetFlagStatus                      0x0800208a   Section        0  stm32f10x_tim.o(i.TIM_GetFlagStatus)
    i.TIM_GetITStatus                        0x0800209c   Section        0  stm32f10x_tim.o(i.TIM_GetITStatus)
    i.TIM_ITConfig                           0x080020be   Section        0  stm32f10x_tim.o(i.TIM_ITConfig)
    i.TIM_SetAutoreload                      0x080020d0   Section        0  stm32f10x_tim.o(i.TIM_SetAutoreload)
    i.TIM_SetCounter                         0x080020d4   Section        0  stm32f10x_tim.o(i.TIM_SetCounter)
    i.TIM_TimeBaseInit                       0x080020d8   Section        0  stm32f10x_tim.o(i.TIM_TimeBaseInit)
    i.Timer4_Init                            0x0800217c   Section        0  usmart.o(i.Timer4_Init)
    i.USART1_IRQHandler                      0x080021d8   Section        0  usart.o(i.USART1_IRQHandler)
    i.USART2_IRQHandler                      0x08002260   Section        0  usart2.o(i.USART2_IRQHandler)
    i.USART3_IRQHandler                      0x08002358   Section        0  usart3.o(i.USART3_IRQHandler)
    i.USART_Cmd                              0x08002450   Section        0  stm32f10x_usart.o(i.USART_Cmd)
    i.USART_DeInit                           0x08002468   Section        0  stm32f10x_usart.o(i.USART_DeInit)
    i.USART_GetFlagStatus                    0x08002504   Section        0  stm32f10x_usart.o(i.USART_GetFlagStatus)
    i.USART_GetITStatus                      0x0800251e   Section        0  stm32f10x_usart.o(i.USART_GetITStatus)
    i.USART_ITConfig                         0x08002572   Section        0  stm32f10x_usart.o(i.USART_ITConfig)
    i.USART_Init                             0x080025bc   Section        0  stm32f10x_usart.o(i.USART_Init)
    i.USART_ReceiveData                      0x08002694   Section        0  stm32f10x_usart.o(i.USART_ReceiveData)
    i.USART_SendData                         0x0800269e   Section        0  stm32f10x_usart.o(i.USART_SendData)
    i.UsageFault_Handler                     0x080026a6   Section        0  stm32f10x_it.o(i.UsageFault_Handler)
    i.__0printf                              0x080026ac   Section        0  printfa.o(i.__0printf)
    i.__0sprintf                             0x080026cc   Section        0  printfa.o(i.__0sprintf)
    i.__0vsprintf                            0x080026f4   Section        0  printfa.o(i.__0vsprintf)
    i.__free$realloc                         0x08002718   Section        0  mallocr.o(i.__free$realloc)
    i.__scatterload_copy                     0x08002774   Section       14  handlers.o(i.__scatterload_copy)
    i.__scatterload_null                     0x08002782   Section        2  handlers.o(i.__scatterload_null)
    i.__scatterload_zeroinit                 0x08002784   Section       14  handlers.o(i.__scatterload_zeroinit)
    i._fp_digits                             0x08002794   Section        0  printfa.o(i._fp_digits)
    _fp_digits                               0x08002795   Thumb Code   334  printfa.o(i._fp_digits)
    i._printf_core                           0x080028f8   Section        0  printfa.o(i._printf_core)
    _printf_core                             0x080028f9   Thumb Code  1744  printfa.o(i._printf_core)
    i._printf_post_padding                   0x08002fd4   Section        0  printfa.o(i._printf_post_padding)
    _printf_post_padding                     0x08002fd5   Thumb Code    36  printfa.o(i._printf_post_padding)
    i._printf_pre_padding                    0x08002ff8   Section        0  printfa.o(i._printf_pre_padding)
    _printf_pre_padding                      0x08002ff9   Thumb Code    46  printfa.o(i._printf_pre_padding)
    i._sputc                                 0x08003026   Section        0  printfa.o(i._sputc)
    _sputc                                   0x08003027   Thumb Code    10  printfa.o(i._sputc)
    i.atk_8266_check_cmd                     0x08003030   Section        0  common.o(i.atk_8266_check_cmd)
    i.atk_8266_quit_trans                    0x08003064   Section        0  common.o(i.atk_8266_quit_trans)
    i.atk_8266_send_cmd                      0x080030d4   Section        0  common.o(i.atk_8266_send_cmd)
    i.delay_init                             0x08003134   Section        0  delay.o(i.delay_init)
    i.delay_ms                               0x08003178   Section        0  delay.o(i.delay_ms)
    i.fputc                                  0x080031c4   Section        0  usart.o(i.fputc)
    i.main                                   0x080031e0   Section        0  main.o(i.main)
    i.read_addr                              0x0800337c   Section        0  usmart.o(i.read_addr)
    i.transport_sendPacketBuffer             0x08003382   Section        0  transport.o(i.transport_sendPacketBuffer)
    i.u2_printf                              0x080033a8   Section        0  usart2.o(i.u2_printf)
    i.u3_printf                              0x080033f8   Section        0  usart3.o(i.u3_printf)
    i.uart_init                              0x08003448   Section        0  usart.o(i.uart_init)
    i.usart2_init                            0x080034e8   Section        0  usart2.o(i.usart2_init)
    i.usart3_init                            0x080035b4   Section        0  usart3.o(i.usart3_init)
    i.usmart_cmd_rec                         0x08003680   Section        0  usmart.o(i.usmart_cmd_rec)
    i.usmart_exe                             0x08003730   Section        0  usmart.o(i.usmart_exe)
    i.usmart_get_aparm                       0x08003a04   Section        0  usmart_str.o(i.usmart_get_aparm)
    i.usmart_get_cmdname                     0x08003acc   Section        0  usmart_str.o(i.usmart_get_cmdname)
    i.usmart_get_fname                       0x08003b04   Section        0  usmart_str.o(i.usmart_get_fname)
    i.usmart_get_fparam                      0x08003cc4   Section        0  usmart_str.o(i.usmart_get_fparam)
    i.usmart_get_parmpos                     0x08003dd0   Section        0  usmart_str.o(i.usmart_get_parmpos)
    i.usmart_get_runtime                     0x08003df0   Section        0  usmart.o(i.usmart_get_runtime)
    i.usmart_init                            0x08003e34   Section        0  usmart.o(i.usmart_init)
    i.usmart_pow                             0x08003e5c   Section        0  usmart_str.o(i.usmart_pow)
    i.usmart_reset_runtime                   0x08003e74   Section        0  usmart.o(i.usmart_reset_runtime)
    i.usmart_scan                            0x08003ea4   Section        0  usmart.o(i.usmart_scan)
    i.usmart_search_nextc                    0x08003f60   Section        0  usmart_str.o(i.usmart_search_nextc)
    i.usmart_str2num                         0x08003f76   Section        0  usmart_str.o(i.usmart_str2num)
    i.usmart_strcmp                          0x08004040   Section        0  usmart_str.o(i.usmart_strcmp)
    i.usmart_strcopy                         0x08004062   Section        0  usmart_str.o(i.usmart_strcopy)
    i.usmart_strlen                          0x08004078   Section        0  usmart_str.o(i.usmart_strlen)
    i.usmart_sys_cmd_exe                     0x08004090   Section        0  usmart.o(i.usmart_sys_cmd_exe)
    i.writeCString                           0x08004774   Section        0  mqttpacket.o(i.writeCString)
    i.writeChar                              0x0800479c   Section        0  mqttpacket.o(i.writeChar)
    i.writeInt                               0x080047a8   Section        0  mqttpacket.o(i.writeInt)
    i.writeMQTTString                        0x080047d8   Section        0  mqttpacket.o(i.writeMQTTString)
    i.write_addr                             0x08004816   Section        0  usmart.o(i.write_addr)
    .constdata                               0x0800481c   Section       88  mqtt.o(.constdata)
    .constdata                               0x08004874   Section       64  ctype_c.o(.constdata)
    .conststring                             0x080048b4   Section       40  usmart.o(.conststring)
    .conststring                             0x080048dc   Section      144  usmart_config.o(.conststring)
    .conststring                             0x0800496c   Section      374  mqtt.o(.conststring)
    .data                                    0x20000000   Section       20  system_stm32f10x.o(.data)
    .data                                    0x20000014   Section        4  delay.o(.data)
    fac_us                                   0x20000014   Data           1  delay.o(.data)
    fac_ms                                   0x20000016   Data           2  delay.o(.data)
    .data                                    0x20000018   Section        6  usart.o(.data)
    .data                                    0x2000001e   Section        1  key.o(.data)
    key_up                                   0x2000001e   Data           1  key.o(.data)
    .data                                    0x20000020   Section       16  sdio_sdcard.o(.data)
    CardType                                 0x20000020   Data           1  sdio_sdcard.o(.data)
    RCA                                      0x20000024   Data           4  sdio_sdcard.o(.data)
    DeviceMode                               0x20000028   Data           1  sdio_sdcard.o(.data)
    StopCondition                            0x20000029   Data           1  sdio_sdcard.o(.data)
    .data                                    0x20000030   Section        4  usart3.o(.data)
    .data                                    0x20000034   Section        4  usart2.o(.data)
    .data                                    0x20000038   Section       20  stm32f10x_rcc.o(.data)
    APBAHBPrescTable                         0x20000038   Data          16  stm32f10x_rcc.o(.data)
    ADCPrescTable                            0x20000048   Data           4  stm32f10x_rcc.o(.data)
    .data                                    0x2000004c   Section       28  usmart.o(.data)
    .data                                    0x20000068   Section      276  usmart_config.o(.data)
    .data                                    0x2000017c   Section       14  mqtt.o(.data)
    .data                                    0x2000018c   Section        4  mvars.o(.data)
    .bss                                     0x20000190   Section      200  usart.o(.bss)
    .bss                                     0x20000258   Section      704  sdio_sdcard.o(.bss)
    CSD_Tab                                  0x2000029c   Data          16  sdio_sdcard.o(.bss)
    CID_Tab                                  0x200002ac   Data          16  sdio_sdcard.o(.bss)
    .bss                                     0x20000518   Section     1200  usart3.o(.bss)
    .bss                                     0x200009c8   Section     1200  usart2.o(.bss)
    .bss                                     0x20000e78   Section      500  mqtt.o(.bss)
    STACK                                    0x20001070   Section    32768  startup_stm32f10x_hd.o(STACK)
    .ARM.__AT_0x68000000                     0x68000000   Section    983040  malloc.o(.ARM.__AT_0x68000000)
    .ARM.__AT_0x680F0000                     0x680f0000   Section    61440  malloc.o(.ARM.__AT_0x680F0000)

    Global Symbols

    Symbol Name                              Value     Ov Type        Size  Object(Section)

    BuildAttributes$$THM_ISAv4$P$D$K$B$S$PE$A:L22UL41UL21$X:L11$S22US41US21$IEEE1$IW$USESV6$~STKCKD$USESV7$~SHL$OTIME$ROPI$IEEEJ$EBA8$MICROLIB$REQ8$PRES8$EABIv2 0x00000000   Number         0  anon$$obj.o ABSOLUTE
    __ARM_use_no_argv                        0x00000000   Number         0  main.o ABSOLUTE
    __use_no_errno                           0x00000000   Number         0  useno.o ABSOLUTE
    __use_no_exception_handling              0x00000000   Number         0  useno.o ABSOLUTE
    __use_no_fp                              0x00000000   Number         0  useno.o ABSOLUTE
    __use_no_heap                            0x00000000   Number         0  useno.o ABSOLUTE
    __use_no_heap_region                     0x00000000   Number         0  useno.o ABSOLUTE
    __use_no_semihosting                     0x00000000   Number         0  useno.o ABSOLUTE
    __use_no_semihosting_swi                 0x00000000   Number         0  useno.o ABSOLUTE
    __use_no_signal_handling                 0x00000000   Number         0  useno.o ABSOLUTE
    _printf_a                                0x00000000   Number         0  stubs.o ABSOLUTE
    _printf_c                                0x00000000   Number         0  stubs.o ABSOLUTE
    _printf_charcount                        0x00000000   Number         0  stubs.o ABSOLUTE
    _printf_d                                0x00000000   Number         0  stubs.o ABSOLUTE
    _printf_e                                0x00000000   Number         0  stubs.o ABSOLUTE
    _printf_f                                0x00000000   Number         0  stubs.o ABSOLUTE
    _printf_flags                            0x00000000   Number         0  stubs.o ABSOLUTE
    _printf_fp_dec                           0x00000000   Number         0  stubs.o ABSOLUTE
    _printf_fp_hex                           0x00000000   Number         0  stubs.o ABSOLUTE
    _printf_g                                0x00000000   Number         0  stubs.o ABSOLUTE
    _printf_i                                0x00000000   Number         0  stubs.o ABSOLUTE
    _printf_int_dec                          0x00000000   Number         0  stubs.o ABSOLUTE
    _printf_l                                0x00000000   Number         0  stubs.o ABSOLUTE
    _printf_lc                               0x00000000   Number         0  stubs.o ABSOLUTE
    _printf_ll                               0x00000000   Number         0  stubs.o ABSOLUTE
    _printf_lld                              0x00000000   Number         0  stubs.o ABSOLUTE
    _printf_lli                              0x00000000   Number         0  stubs.o ABSOLUTE
    _printf_llo                              0x00000000   Number         0  stubs.o ABSOLUTE
    _printf_llu                              0x00000000   Number         0  stubs.o ABSOLUTE
    _printf_llx                              0x00000000   Number         0  stubs.o ABSOLUTE
    _printf_longlong_dec                     0x00000000   Number         0  stubs.o ABSOLUTE
    _printf_longlong_hex                     0x00000000   Number         0  stubs.o ABSOLUTE
    _printf_longlong_oct                     0x00000000   Number         0  stubs.o ABSOLUTE
    _printf_ls                               0x00000000   Number         0  stubs.o ABSOLUTE
    _printf_mbtowc                           0x00000000   Number         0  stubs.o ABSOLUTE
    _printf_n                                0x00000000   Number         0  stubs.o ABSOLUTE
    _printf_o                                0x00000000   Number         0  stubs.o ABSOLUTE
    _printf_p                                0x00000000   Number         0  stubs.o ABSOLUTE
    _printf_percent                          0x00000000   Number         0  stubs.o ABSOLUTE
    _printf_pre_padding                      0x00000000   Number         0  stubs.o ABSOLUTE
    _printf_return_value                     0x00000000   Number         0  stubs.o ABSOLUTE
    _printf_s                                0x00000000   Number         0  stubs.o ABSOLUTE
    _printf_sizespec                         0x00000000   Number         0  stubs.o ABSOLUTE
    _printf_str                              0x00000000   Number         0  stubs.o ABSOLUTE
    _printf_truncate_signed                  0x00000000   Number         0  stubs.o ABSOLUTE
    _printf_truncate_unsigned                0x00000000   Number         0  stubs.o ABSOLUTE
    _printf_u                                0x00000000   Number         0  stubs.o ABSOLUTE
    _printf_wc                               0x00000000   Number         0  stubs.o ABSOLUTE
    _printf_wctomb                           0x00000000   Number         0  stubs.o ABSOLUTE
    _printf_widthprec                        0x00000000   Number         0  stubs.o ABSOLUTE
    _printf_x                                0x00000000   Number         0  stubs.o ABSOLUTE
    __cpp_initialize__aeabi_                  - Undefined Weak Reference
    __cxa_finalize                            - Undefined Weak Reference
    _clock_init                               - Undefined Weak Reference
    _microlib_exit                            - Undefined Weak Reference
    _scanf_longlong                           - Undefined Weak Reference
    _scanf_string                             - Undefined Weak Reference
    __Vectors_Size                           0x00000130   Number         0  startup_stm32f10x_hd.o ABSOLUTE
    __Vectors                                0x08000000   Data           4  startup_stm32f10x_hd.o(RESET)
    __Vectors_End                            0x08000130   Data           0  startup_stm32f10x_hd.o(RESET)
    __main                                   0x08000131   Thumb Code     0  entry.o(.ARM.Collect$$$$00000000)
    _main_stk                                0x08000131   Thumb Code     0  entry2.o(.ARM.Collect$$$$00000001)
    _main_scatterload                        0x08000135   Thumb Code     0  entry5.o(.ARM.Collect$$$$00000004)
    __main_after_scatterload                 0x08000139   Thumb Code     0  entry5.o(.ARM.Collect$$$$00000004)
    _main_clock                              0x08000139   Thumb Code     0  entry7b.o(.ARM.Collect$$$$00000008)
    _main_cpp_init                           0x08000139   Thumb Code     0  entry8b.o(.ARM.Collect$$$$0000000A)
    _main_init                               0x08000139   Thumb Code     0  entry9a.o(.ARM.Collect$$$$0000000B)
    __rt_final_cpp                           0x08000141   Thumb Code     0  entry10a.o(.ARM.Collect$$$$0000000D)
    __rt_final_exit                          0x08000141   Thumb Code     0  entry11a.o(.ARM.Collect$$$$0000000F)
    Reset_Handler                            0x08000145   Thumb Code     8  startup_stm32f10x_hd.o(.text)
    ADC1_2_IRQHandler                        0x0800015f   Thumb Code     0  startup_stm32f10x_hd.o(.text)
    ADC3_IRQHandler                          0x0800015f   Thumb Code     0  startup_stm32f10x_hd.o(.text)
    CAN1_RX1_IRQHandler                      0x0800015f   Thumb Code     0  startup_stm32f10x_hd.o(.text)
    CAN1_SCE_IRQHandler                      0x0800015f   Thumb Code     0  startup_stm32f10x_hd.o(.text)
    DMA1_Channel1_IRQHandler                 0x0800015f   Thumb Code     0  startup_stm32f10x_hd.o(.text)
    DMA1_Channel2_IRQHandler                 0x0800015f   Thumb Code     0  startup_stm32f10x_hd.o(.text)
    DMA1_Channel3_IRQHandler                 0x0800015f   Thumb Code     0  startup_stm32f10x_hd.o(.text)
    DMA1_Channel4_IRQHandler                 0x0800015f   Thumb Code     0  startup_stm32f10x_hd.o(.text)
    DMA1_Channel5_IRQHandler                 0x0800015f   Thumb Code     0  startup_stm32f10x_hd.o(.text)
    DMA1_Channel6_IRQHandler                 0x0800015f   Thumb Code     0  startup_stm32f10x_hd.o(.text)
    DMA1_Channel7_IRQHandler                 0x0800015f   Thumb Code     0  startup_stm32f10x_hd.o(.text)
    DMA2_Channel1_IRQHandler                 0x0800015f   Thumb Code     0  startup_stm32f10x_hd.o(.text)
    DMA2_Channel2_IRQHandler                 0x0800015f   Thumb Code     0  startup_stm32f10x_hd.o(.text)
    DMA2_Channel3_IRQHandler                 0x0800015f   Thumb Code     0  startup_stm32f10x_hd.o(.text)
    DMA2_Channel4_5_IRQHandler               0x0800015f   Thumb Code     0  startup_stm32f10x_hd.o(.text)
    EXTI0_IRQHandler                         0x0800015f   Thumb Code     0  startup_stm32f10x_hd.o(.text)
    EXTI15_10_IRQHandler                     0x0800015f   Thumb Code     0  startup_stm32f10x_hd.o(.text)
    EXTI1_IRQHandler                         0x0800015f   Thumb Code     0  startup_stm32f10x_hd.o(.text)
    EXTI2_IRQHandler                         0x0800015f   Thumb Code     0  startup_stm32f10x_hd.o(.text)
    EXTI3_IRQHandler                         0x0800015f   Thumb Code     0  startup_stm32f10x_hd.o(.text)
    EXTI4_IRQHandler                         0x0800015f   Thumb Code     0  startup_stm32f10x_hd.o(.text)
    EXTI9_5_IRQHandler                       0x0800015f   Thumb Code     0  startup_stm32f10x_hd.o(.text)
    FLASH_IRQHandler                         0x0800015f   Thumb Code     0  startup_stm32f10x_hd.o(.text)
    FSMC_IRQHandler                          0x0800015f   Thumb Code     0  startup_stm32f10x_hd.o(.text)
    I2C1_ER_IRQHandler                       0x0800015f   Thumb Code     0  startup_stm32f10x_hd.o(.text)
    I2C1_EV_IRQHandler                       0x0800015f   Thumb Code     0  startup_stm32f10x_hd.o(.text)
    I2C2_ER_IRQHandler                       0x0800015f   Thumb Code     0  startup_stm32f10x_hd.o(.text)
    I2C2_EV_IRQHandler                       0x0800015f   Thumb Code     0  startup_stm32f10x_hd.o(.text)
    PVD_IRQHandler                           0x0800015f   Thumb Code     0  startup_stm32f10x_hd.o(.text)
    RCC_IRQHandler                           0x0800015f   Thumb Code     0  startup_stm32f10x_hd.o(.text)
    RTCAlarm_IRQHandler                      0x0800015f   Thumb Code     0  startup_stm32f10x_hd.o(.text)
    RTC_IRQHandler                           0x0800015f   Thumb Code     0  startup_stm32f10x_hd.o(.text)
    SPI1_IRQHandler                          0x0800015f   Thumb Code     0  startup_stm32f10x_hd.o(.text)
    SPI2_IRQHandler                          0x0800015f   Thumb Code     0  startup_stm32f10x_hd.o(.text)
    SPI3_IRQHandler                          0x0800015f   Thumb Code     0  startup_stm32f10x_hd.o(.text)
    TAMPER_IRQHandler                        0x0800015f   Thumb Code     0  startup_stm32f10x_hd.o(.text)
    TIM1_BRK_IRQHandler                      0x0800015f   Thumb Code     0  startup_stm32f10x_hd.o(.text)
    TIM1_CC_IRQHandler                       0x0800015f   Thumb Code     0  startup_stm32f10x_hd.o(.text)
    TIM1_TRG_COM_IRQHandler                  0x0800015f   Thumb Code     0  startup_stm32f10x_hd.o(.text)
    TIM1_UP_IRQHandler                       0x0800015f   Thumb Code     0  startup_stm32f10x_hd.o(.text)
    TIM2_IRQHandler                          0x0800015f   Thumb Code     0  startup_stm32f10x_hd.o(.text)
    TIM3_IRQHandler                          0x0800015f   Thumb Code     0  startup_stm32f10x_hd.o(.text)
    TIM5_IRQHandler                          0x0800015f   Thumb Code     0  startup_stm32f10x_hd.o(.text)
    TIM8_BRK_IRQHandler                      0x0800015f   Thumb Code     0  startup_stm32f10x_hd.o(.text)
    TIM8_CC_IRQHandler                       0x0800015f   Thumb Code     0  startup_stm32f10x_hd.o(.text)
    TIM8_TRG_COM_IRQHandler                  0x0800015f   Thumb Code     0  startup_stm32f10x_hd.o(.text)
    TIM8_UP_IRQHandler                       0x0800015f   Thumb Code     0  startup_stm32f10x_hd.o(.text)
    UART4_IRQHandler                         0x0800015f   Thumb Code     0  startup_stm32f10x_hd.o(.text)
    UART5_IRQHandler                         0x0800015f   Thumb Code     0  startup_stm32f10x_hd.o(.text)
    USBWakeUp_IRQHandler                     0x0800015f   Thumb Code     0  startup_stm32f10x_hd.o(.text)
    USB_HP_CAN1_TX_IRQHandler                0x0800015f   Thumb Code     0  startup_stm32f10x_hd.o(.text)
    USB_LP_CAN1_RX0_IRQHandler               0x0800015f   Thumb Code     0  startup_stm32f10x_hd.o(.text)
    WWDG_IRQHandler                          0x0800015f   Thumb Code     0  startup_stm32f10x_hd.o(.text)
    __aeabi_memcpy                           0x08000169   Thumb Code    36  memcpya.o(.text)
    __aeabi_memcpy4                          0x08000169   Thumb Code     0  memcpya.o(.text)
    __aeabi_memcpy8                          0x08000169   Thumb Code     0  memcpya.o(.text)
    __aeabi_memset                           0x0800018d   Thumb Code    14  memseta.o(.text)
    __aeabi_memset4                          0x0800018d   Thumb Code     0  memseta.o(.text)
    __aeabi_memset8                          0x0800018d   Thumb Code     0  memseta.o(.text)
    __aeabi_memclr                           0x0800019b   Thumb Code     4  memseta.o(.text)
    __aeabi_memclr4                          0x0800019b   Thumb Code     0  memseta.o(.text)
    __aeabi_memclr8                          0x0800019b   Thumb Code     0  memseta.o(.text)
    _memset$wrapper                          0x0800019f   Thumb Code    18  memseta.o(.text)
    strstr                                   0x080001b1   Thumb Code    36  strstr.o(.text)
    strlen                                   0x080001d5   Thumb Code    14  strlen.o(.text)
    __0sscanf                                0x080001e5   Thumb Code    48  __0sscanf.o(.text)
    _scanf_int                               0x0800021d   Thumb Code   332  _scanf_int.o(.text)
    __aeabi_dadd                             0x08000369   Thumb Code   322  dadd.o(.text)
    __aeabi_dsub                             0x080004ab   Thumb Code     6  dadd.o(.text)
    __aeabi_drsub                            0x080004b1   Thumb Code     6  dadd.o(.text)
    __aeabi_dmul                             0x080004b7   Thumb Code   228  dmul.o(.text)
    __aeabi_cdrcmple                         0x0800059d   Thumb Code    48  cdrcmple.o(.text)
    __aeabi_uidiv                            0x080005cd   Thumb Code     0  uidiv.o(.text)
    __aeabi_uidivmod                         0x080005cd   Thumb Code    44  uidiv.o(.text)
    __aeabi_uldivmod                         0x080005f9   Thumb Code    98  uldiv.o(.text)
    __aeabi_llsl                             0x0800065b   Thumb Code    30  llshl.o(.text)
    _ll_shift_l                              0x0800065b   Thumb Code     0  llshl.o(.text)
    __aeabi_llsr                             0x08000679   Thumb Code    32  llushr.o(.text)
    _ll_ushift_r                             0x08000679   Thumb Code     0  llushr.o(.text)
    __aeabi_lasr                             0x08000699   Thumb Code    36  llsshr.o(.text)
    _ll_sshift_r                             0x08000699   Thumb Code     0  llsshr.o(.text)
    _chval                                   0x080006bd   Thumb Code    28  _chval.o(.text)
    __vfscanf_char                           0x080006e5   Thumb Code    20  scanf_char.o(.text)
    _sgetc                                   0x08000701   Thumb Code    30  _sgetc.o(.text)
    _sbackspace                              0x0800071f   Thumb Code    34  _sgetc.o(.text)
    __I$use$fp                               0x08000741   Thumb Code     0  iusefp.o(.text)
    _double_round                            0x08000741   Thumb Code    30  depilogue.o(.text)
    _double_epilogue                         0x0800075f   Thumb Code   156  depilogue.o(.text)
    __aeabi_ddiv                             0x080007fb   Thumb Code   222  ddiv.o(.text)
    __aeabi_d2ulz                            0x080008d9   Thumb Code    48  dfixul.o(.text)
    __scatterload                            0x08000909   Thumb Code    28  init.o(.text)
    __scatterload_rt2                        0x08000909   Thumb Code     0  init.o(.text)
    isspace                                  0x0800092d   Thumb Code    10  isspace_c.o(.text)
    __vfscanf                                0x08000939   Thumb Code   808  _scanf.o(.text)
    __ctype_lookup                           0x08000c65   Thumb Code    34  ctype_c.o(.text)
    __decompress                             0x08000c8d   Thumb Code     0  __dczerorl2.o(.text)
    __decompress1                            0x08000c8d   Thumb Code    86  __dczerorl2.o(.text)
    BusFault_Handler                         0x08000ce3   Thumb Code     4  stm32f10x_it.o(i.BusFault_Handler)
    CmdResp1Error                            0x08000ce9   Thumb Code    90  sdio_sdcard.o(i.CmdResp1Error)
    DebugMon_Handler                         0x08000d49   Thumb Code     2  stm32f10x_it.o(i.DebugMon_Handler)
    GPIO_Init                                0x08000d4b   Thumb Code   278  stm32f10x_gpio.o(i.GPIO_Init)
    GPIO_ReadInputDataBit                    0x08000e61   Thumb Code    18  stm32f10x_gpio.o(i.GPIO_ReadInputDataBit)
    GPIO_SetBits                             0x08000e73   Thumb Code     4  stm32f10x_gpio.o(i.GPIO_SetBits)
    HardFault_Handler                        0x08000e77   Thumb Code     4  stm32f10x_it.o(i.HardFault_Handler)
    Json_Create                              0x08000e7d   Thumb Code    66  mqtt.o(i.Json_Create)
    Json_Parse_Aliyun                        0x08000f29   Thumb Code   118  mqtt.o(i.Json_Parse_Aliyun)
    Json_Parse_ZigBee                        0x08001029   Thumb Code    56  mqtt.o(i.Json_Parse_ZigBee)
    KEY_Init                                 0x080010a1   Thumb Code    52  key.o(i.KEY_Init)
    KEY_Scan                                 0x080010dd   Thumb Code   188  key.o(i.KEY_Scan)
    LED_Init                                 0x080011a5   Thumb Code    68  led.o(i.LED_Init)
    MQTTPacket_encode                        0x080011f1   Thumb Code    54  mqttpacket.o(i.MQTTPacket_encode)
    MQTTPacket_len                           0x08001229   Thumb Code    34  mqttpacket.o(i.MQTTPacket_len)
    MQTTSerialize_connect                    0x08001251   Thumb Code   342  mqttconnectclient.o(i.MQTTSerialize_connect)
    MQTTSerialize_connectLength              0x080013b9   Thumb Code   118  mqttconnectclient.o(i.MQTTSerialize_connectLength)
    MQTTSerialize_publish                    0x0800142f   Thumb Code   176  mqttserializepublish.o(i.MQTTSerialize_publish)
    MQTTSerialize_publishLength              0x080014df   Thumb Code    34  mqttserializepublish.o(i.MQTTSerialize_publishLength)
    MQTT_Connect                             0x08001501   Thumb Code    80  mqtt.o(i.MQTT_Connect)
    MQTT_HandleKeys                          0x08001589   Thumb Code    80  mqtt.o(i.MQTT_HandleKeys)
    MQTT_Init                                0x08001629   Thumb Code   180  mqtt.o(i.MQTT_Init)
    MQTT_Process                             0x08001785   Thumb Code   156  mqtt.o(i.MQTT_Process)
    MQTT_Publish                             0x0800186d   Thumb Code    98  mqtt.o(i.MQTT_Publish)
    MQTT_Subscribe                           0x080018d9   Thumb Code   118  mqtt.o(i.MQTT_Subscribe)
    MQTTstrlen                               0x08001969   Thumb Code    24  mqttpacket.o(i.MQTTstrlen)
    MemManage_Handler                        0x08001981   Thumb Code     4  stm32f10x_it.o(i.MemManage_Handler)
    NMI_Handler                              0x08001985   Thumb Code     2  stm32f10x_it.o(i.NMI_Handler)
    NVIC_Init                                0x08001989   Thumb Code   100  misc.o(i.NVIC_Init)
    NVIC_PriorityGroupConfig                 0x080019f9   Thumb Code    10  misc.o(i.NVIC_PriorityGroupConfig)
    PendSV_Handler                           0x08001a0d   Thumb Code     2  stm32f10x_it.o(i.PendSV_Handler)
    RAIN_Auto_Process                        0x08001a11   Thumb Code    66  mqtt.o(i.RAIN_Auto_Process)
    RCC_APB1PeriphClockCmd                   0x08001a75   Thumb Code    26  stm32f10x_rcc.o(i.RCC_APB1PeriphClockCmd)
    RCC_APB1PeriphResetCmd                   0x08001a95   Thumb Code    26  stm32f10x_rcc.o(i.RCC_APB1PeriphResetCmd)
    RCC_APB2PeriphClockCmd                   0x08001ab5   Thumb Code    26  stm32f10x_rcc.o(i.RCC_APB2PeriphClockCmd)
    RCC_APB2PeriphResetCmd                   0x08001ad5   Thumb Code    26  stm32f10x_rcc.o(i.RCC_APB2PeriphResetCmd)
    RCC_GetClocksFreq                        0x08001af5   Thumb Code   192  stm32f10x_rcc.o(i.RCC_GetClocksFreq)
    SDIO_ClearFlag                           0x08001bc9   Thumb Code     6  stm32f10x_sdio.o(i.SDIO_ClearFlag)
    SDIO_GetFlagStatus                       0x08001bd5   Thumb Code    20  stm32f10x_sdio.o(i.SDIO_GetFlagStatus)
    SDIO_IRQHandler                          0x08001bed   Thumb Code     8  sdio_sdcard.o(i.SDIO_IRQHandler)
    SDIO_SendCommand                         0x08001bf5   Thumb Code    38  stm32f10x_sdio.o(i.SDIO_SendCommand)
    SD_ProcessIRQSrc                         0x08001c21   Thumb Code   296  sdio_sdcard.o(i.SD_ProcessIRQSrc)
    SVC_Handler                              0x08001d5d   Thumb Code     2  stm32f10x_it.o(i.SVC_Handler)
    Show_Str                                 0x08001e49   Thumb Code    28  text.o(i.Show_Str)
    SysTick_CLKSourceConfig                  0x08001e75   Thumb Code    40  misc.o(i.SysTick_CLKSourceConfig)
    SysTick_Handler                          0x08001e9d   Thumb Code     2  stm32f10x_it.o(i.SysTick_Handler)
    SystemInit                               0x08001ea1   Thumb Code    78  system_stm32f10x.o(i.SystemInit)
    TIM4_IRQHandler                          0x08001f01   Thumb Code    46  usmart.o(i.TIM4_IRQHandler)
    TIM6_IRQHandler                          0x08001f39   Thumb Code    42  timer.o(i.TIM6_IRQHandler)
    TIM6_Int_Init                            0x08001f6d   Thumb Code    90  timer.o(i.TIM6_Int_Init)
    TIM7_IRQHandler                          0x08001fcd   Thumb Code    42  timer.o(i.TIM7_IRQHandler)
    TIM7_Int_Init                            0x08002001   Thumb Code    90  timer.o(i.TIM7_Int_Init)
    TIM_ClearFlag                            0x08002061   Thumb Code     6  stm32f10x_tim.o(i.TIM_ClearFlag)
    TIM_ClearITPendingBit                    0x08002067   Thumb Code     6  stm32f10x_tim.o(i.TIM_ClearITPendingBit)
    TIM_Cmd                                  0x0800206d   Thumb Code    24  stm32f10x_tim.o(i.TIM_Cmd)
    TIM_GetCounter                           0x08002085   Thumb Code     6  stm32f10x_tim.o(i.TIM_GetCounter)
    TIM_GetFlagStatus                        0x0800208b   Thumb Code    18  stm32f10x_tim.o(i.TIM_GetFlagStatus)
    TIM_GetITStatus                          0x0800209d   Thumb Code    34  stm32f10x_tim.o(i.TIM_GetITStatus)
    TIM_ITConfig                             0x080020bf   Thumb Code    18  stm32f10x_tim.o(i.TIM_ITConfig)
    TIM_SetAutoreload                        0x080020d1   Thumb Code     4  stm32f10x_tim.o(i.TIM_SetAutoreload)
    TIM_SetCounter                           0x080020d5   Thumb Code     4  stm32f10x_tim.o(i.TIM_SetCounter)
    TIM_TimeBaseInit                         0x080020d9   Thumb Code   122  stm32f10x_tim.o(i.TIM_TimeBaseInit)
    Timer4_Init                              0x0800217d   Thumb Code    88  usmart.o(i.Timer4_Init)
    USART1_IRQHandler                        0x080021d9   Thumb Code   122  usart.o(i.USART1_IRQHandler)
    USART2_IRQHandler                        0x08002261   Thumb Code   218  usart2.o(i.USART2_IRQHandler)
    USART3_IRQHandler                        0x08002359   Thumb Code   218  usart3.o(i.USART3_IRQHandler)
    USART_Cmd                                0x08002451   Thumb Code    24  stm32f10x_usart.o(i.USART_Cmd)
    USART_DeInit                             0x08002469   Thumb Code   134  stm32f10x_usart.o(i.USART_DeInit)
    USART_GetFlagStatus                      0x08002505   Thumb Code    26  stm32f10x_usart.o(i.USART_GetFlagStatus)
    USART_GetITStatus                        0x0800251f   Thumb Code    84  stm32f10x_usart.o(i.USART_GetITStatus)
    USART_ITConfig                           0x08002573   Thumb Code    74  stm32f10x_usart.o(i.USART_ITConfig)
    USART_Init                               0x080025bd   Thumb Code   210  stm32f10x_usart.o(i.USART_Init)
    USART_ReceiveData                        0x08002695   Thumb Code    10  stm32f10x_usart.o(i.USART_ReceiveData)
    USART_SendData                           0x0800269f   Thumb Code     8  stm32f10x_usart.o(i.USART_SendData)
    UsageFault_Handler                       0x080026a7   Thumb Code     4  stm32f10x_it.o(i.UsageFault_Handler)
    __0printf                                0x080026ad   Thumb Code    22  printfa.o(i.__0printf)
    __1printf                                0x080026ad   Thumb Code     0  printfa.o(i.__0printf)
    __2printf                                0x080026ad   Thumb Code     0  printfa.o(i.__0printf)
    __c89printf                              0x080026ad   Thumb Code     0  printfa.o(i.__0printf)
    printf                                   0x080026ad   Thumb Code     0  printfa.o(i.__0printf)
    __0sprintf                               0x080026cd   Thumb Code    34  printfa.o(i.__0sprintf)
    __1sprintf                               0x080026cd   Thumb Code     0  printfa.o(i.__0sprintf)
    __2sprintf                               0x080026cd   Thumb Code     0  printfa.o(i.__0sprintf)
    __c89sprintf                             0x080026cd   Thumb Code     0  printfa.o(i.__0sprintf)
    sprintf                                  0x080026cd   Thumb Code     0  printfa.o(i.__0sprintf)
    __0vsprintf                              0x080026f5   Thumb Code    30  printfa.o(i.__0vsprintf)
    __1vsprintf                              0x080026f5   Thumb Code     0  printfa.o(i.__0vsprintf)
    __2vsprintf                              0x080026f5   Thumb Code     0  printfa.o(i.__0vsprintf)
    __c89vsprintf                            0x080026f5   Thumb Code     0  printfa.o(i.__0vsprintf)
    vsprintf                                 0x080026f5   Thumb Code     0  printfa.o(i.__0vsprintf)
    free                                     0x08002719   Thumb Code    88  mallocr.o(i.__free$realloc)
    __scatterload_copy                       0x08002775   Thumb Code    14  handlers.o(i.__scatterload_copy)
    __scatterload_null                       0x08002783   Thumb Code     2  handlers.o(i.__scatterload_null)
    __scatterload_zeroinit                   0x08002785   Thumb Code    14  handlers.o(i.__scatterload_zeroinit)
    atk_8266_check_cmd                       0x08003031   Thumb Code    44  common.o(i.atk_8266_check_cmd)
    atk_8266_quit_trans                      0x08003065   Thumb Code   100  common.o(i.atk_8266_quit_trans)
    atk_8266_send_cmd                        0x080030d5   Thumb Code    84  common.o(i.atk_8266_send_cmd)
    delay_init                               0x08003135   Thumb Code    50  delay.o(i.delay_init)
    delay_ms                                 0x08003179   Thumb Code    72  delay.o(i.delay_ms)
    fputc                                    0x080031c5   Thumb Code    24  usart.o(i.fputc)
    main                                     0x080031e1   Thumb Code   202  main.o(i.main)
    read_addr                                0x0800337d   Thumb Code     6  usmart.o(i.read_addr)
    transport_sendPacketBuffer               0x08003383   Thumb Code    38  transport.o(i.transport_sendPacketBuffer)
    u2_printf                                0x080033a9   Thumb Code    72  usart2.o(i.u2_printf)
    u3_printf                                0x080033f9   Thumb Code    72  usart3.o(i.u3_printf)
    uart_init                                0x08003449   Thumb Code   152  usart.o(i.uart_init)
    usart2_init                              0x080034e9   Thumb Code   186  usart2.o(i.usart2_init)
    usart3_init                              0x080035b5   Thumb Code   188  usart3.o(i.usart3_init)
    usmart_cmd_rec                           0x08003681   Thumb Code   170  usmart.o(i.usmart_cmd_rec)
    usmart_exe                               0x08003731   Thumb Code   632  usmart.o(i.usmart_exe)
    usmart_get_aparm                         0x08003a05   Thumb Code   200  usmart_str.o(i.usmart_get_aparm)
    usmart_get_cmdname                       0x08003acd   Thumb Code    54  usmart_str.o(i.usmart_get_cmdname)
    usmart_get_fname                         0x08003b05   Thumb Code   440  usmart_str.o(i.usmart_get_fname)
    usmart_get_fparam                        0x08003cc5   Thumb Code   262  usmart_str.o(i.usmart_get_fparam)
    usmart_get_parmpos                       0x08003dd1   Thumb Code    26  usmart_str.o(i.usmart_get_parmpos)
    usmart_get_runtime                       0x08003df1   Thumb Code    60  usmart.o(i.usmart_get_runtime)
    usmart_init                              0x08003e35   Thumb Code    36  usmart.o(i.usmart_init)
    usmart_pow                               0x08003e5d   Thumb Code    22  usmart_str.o(i.usmart_pow)
    usmart_reset_runtime                     0x08003e75   Thumb Code    38  usmart.o(i.usmart_reset_runtime)
    usmart_scan                              0x08003ea5   Thumb Code   120  usmart.o(i.usmart_scan)
    usmart_search_nextc                      0x08003f61   Thumb Code    22  usmart_str.o(i.usmart_search_nextc)
    usmart_str2num                           0x08003f77   Thumb Code   202  usmart_str.o(i.usmart_str2num)
    usmart_strcmp                            0x08004041   Thumb Code    34  usmart_str.o(i.usmart_strcmp)
    usmart_strcopy                           0x08004063   Thumb Code    22  usmart_str.o(i.usmart_strcopy)
    usmart_strlen                            0x08004079   Thumb Code    24  usmart_str.o(i.usmart_strlen)
    usmart_sys_cmd_exe                       0x08004091   Thumb Code  1554  usmart.o(i.usmart_sys_cmd_exe)
    writeCString                             0x08004775   Thumb Code    40  mqttpacket.o(i.writeCString)
    writeChar                                0x0800479d   Thumb Code    12  mqttpacket.o(i.writeChar)
    writeInt                                 0x080047a9   Thumb Code    48  mqttpacket.o(i.writeInt)
    writeMQTTString                          0x080047d9   Thumb Code    62  mqttpacket.o(i.writeMQTTString)
    write_addr                               0x08004817   Thumb Code     4  usmart.o(i.write_addr)
    __ctype_categories                       0x08004874   Data          64  ctype_c.o(.constdata)
    Region$$Table$$Base                      0x08004ae4   Number         0  anon$$obj.o(Region$$Table)
    Region$$Table$$Limit                     0x08004b04   Number         0  anon$$obj.o(Region$$Table)
    SystemCoreClock                          0x20000000   Data           4  system_stm32f10x.o(.data)
    AHBPrescTable                            0x20000004   Data          16  system_stm32f10x.o(.data)
    __stdout                                 0x20000018   Data           4  usart.o(.data)
    USART_RX_STA                             0x2000001c   Data           2  usart.o(.data)
    TransferError                            0x2000002a   Data           1  sdio_sdcard.o(.data)
    TransferEnd                              0x2000002b   Data           1  sdio_sdcard.o(.data)
    tempbuff                                 0x2000002c   Data           4  sdio_sdcard.o(.data)
    num                                      0x20000030   Data           1  usart3.o(.data)
    flag                                     0x20000031   Data           1  usart3.o(.data)
    USART3_RX_STA                            0x20000032   Data           2  usart3.o(.data)
    num1                                     0x20000034   Data           1  usart2.o(.data)
    flag1                                    0x20000035   Data           1  usart2.o(.data)
    USART2_RX_STA                            0x20000036   Data           2  usart2.o(.data)
    sys_cmd_tab                              0x2000004c   Data          28  usmart.o(.data)
    usmart_nametab                           0x20000068   Data          32  usmart_config.o(.data)
    usmart_dev                               0x20000088   Data         244  usmart_config.o(.data)
    WIFI_SSID                                0x2000017c   Data           4  mqtt.o(.data)
    WIFI_Password                            0x20000180   Data           4  mqtt.o(.data)
    TopicId                                  0x20000184   Data           2  mqtt.o(.data)
    Auto_MODE                                0x20000186   Data           1  mqtt.o(.data)
    RAIN                                     0x20000187   Data           1  mqtt.o(.data)
    RELAY1                                   0x20000188   Data           1  mqtt.o(.data)
    RELAY2                                   0x20000189   Data           1  mqtt.o(.data)
    __microlib_freelist                      0x2000018c   Data           4  mvars.o(.data)
    USART_RX_BUF                             0x20000190   Data         200  usart.o(.bss)
    SDIO_InitStructure                       0x20000258   Data          24  sdio_sdcard.o(.bss)
    SDIO_CmdInitStructure                    0x20000270   Data          20  sdio_sdcard.o(.bss)
    SDIO_DataInitStructure                   0x20000284   Data          24  sdio_sdcard.o(.bss)
    SDCardInfo                               0x200002c0   Data          88  sdio_sdcard.o(.bss)
    SDIO_DATA_BUFFER                         0x20000318   Data         512  sdio_sdcard.o(.bss)
    USART3_RX_BUF                            0x20000518   Data         600  usart3.o(.bss)
    USART3_TX_BUF                            0x20000770   Data         600  usart3.o(.bss)
    USART2_RX_BUF                            0x200009c8   Data         600  usart2.o(.bss)
    USART2_TX_BUF                            0x20000c20   Data         600  usart2.o(.bss)
    payload                                  0x20000e78   Data         100  mqtt.o(.bss)
    receive_data                             0x20000edc   Data         100  mqtt.o(.bss)
    receive_data1                            0x20000f40   Data         100  mqtt.o(.bss)
    buf                                      0x20000fa4   Data         200  mqtt.o(.bss)
    __initial_sp                             0x20009070   Data           0  startup_stm32f10x_hd.o(STACK)
    mem2base                                 0x68000000   Data       983040  malloc.o(.ARM.__AT_0x68000000)
    mem2mapbase                              0x680f0000   Data       61440  malloc.o(.ARM.__AT_0x680F0000)



==============================================================================

Memory Map of the image

  Image Entry point : 0x08000131

  Load Region LR_IROM1 (Base: 0x08000000, Size: 0x00004c94, Max: 0x00080000, ABSOLUTE, COMPRESSED[0x00004b74])

    Execution Region ER_IROM1 (Base: 0x08000000, Size: 0x00004b04, Max: 0x00080000, ABSOLUTE)

    Base Addr    Size         Type   Attr      Idx    E Section Name        Object

    0x08000000   0x00000130   Data   RO          361    RESET               startup_stm32f10x_hd.o
    0x08000130   0x00000000   Code   RO         5332  * .ARM.Collect$$$$00000000  mc_w.l(entry.o)
    0x08000130   0x00000004   Code   RO         5690    .ARM.Collect$$$$00000001  mc_w.l(entry2.o)
    0x08000134   0x00000004   Code   RO         5693    .ARM.Collect$$$$00000004  mc_w.l(entry5.o)
    0x08000138   0x00000000   Code   RO         5695    .ARM.Collect$$$$00000008  mc_w.l(entry7b.o)
    0x08000138   0x00000000   Code   RO         5697    .ARM.Collect$$$$0000000A  mc_w.l(entry8b.o)
    0x08000138   0x00000008   Code   RO         5698    .ARM.Collect$$$$0000000B  mc_w.l(entry9a.o)
    0x08000140   0x00000000   Code   RO         5700    .ARM.Collect$$$$0000000D  mc_w.l(entry10a.o)
    0x08000140   0x00000000   Code   RO         5702    .ARM.Collect$$$$0000000F  mc_w.l(entry11a.o)
    0x08000140   0x00000004   Code   RO         5691    .ARM.Collect$$$$00002712  mc_w.l(entry2.o)
    0x08000144   0x00000024   Code   RO          362    .text               startup_stm32f10x_hd.o
    0x08000168   0x00000024   Code   RO         5339    .text               mc_w.l(memcpya.o)
    0x0800018c   0x00000024   Code   RO         5341    .text               mc_w.l(memseta.o)
    0x080001b0   0x00000024   Code   RO         5345    .text               mc_w.l(strstr.o)
    0x080001d4   0x0000000e   Code   RO         5347    .text               mc_w.l(strlen.o)
    0x080001e2   0x00000002   PAD
    0x080001e4   0x00000038   Code   RO         5648    .text               mc_w.l(__0sscanf.o)
    0x0800021c   0x0000014c   Code   RO         5650    .text               mc_w.l(_scanf_int.o)
    0x08000368   0x0000014e   Code   RO         5662    .text               mf_w.l(dadd.o)
    0x080004b6   0x000000e4   Code   RO         5664    .text               mf_w.l(dmul.o)
    0x0800059a   0x00000002   PAD
    0x0800059c   0x00000030   Code   RO         5686    .text               mf_w.l(cdrcmple.o)
    0x080005cc   0x0000002c   Code   RO         5704    .text               mc_w.l(uidiv.o)
    0x080005f8   0x00000062   Code   RO         5706    .text               mc_w.l(uldiv.o)
    0x0800065a   0x0000001e   Code   RO         5708    .text               mc_w.l(llshl.o)
    0x08000678   0x00000020   Code   RO         5710    .text               mc_w.l(llushr.o)
    0x08000698   0x00000024   Code   RO         5712    .text               mc_w.l(llsshr.o)
    0x080006bc   0x0000001c   Code   RO         5723    .text               mc_w.l(_chval.o)
    0x080006d8   0x00000028   Code   RO         5725    .text               mc_w.l(scanf_char.o)
    0x08000700   0x00000040   Code   RO         5727    .text               mc_w.l(_sgetc.o)
    0x08000740   0x00000000   Code   RO         5731    .text               mc_w.l(iusefp.o)
    0x08000740   0x000000ba   Code   RO         5734    .text               mf_w.l(depilogue.o)
    0x080007fa   0x000000de   Code   RO         5736    .text               mf_w.l(ddiv.o)
    0x080008d8   0x00000030   Code   RO         5742    .text               mf_w.l(dfixul.o)
    0x08000908   0x00000024   Code   RO         5746    .text               mc_w.l(init.o)
    0x0800092c   0x0000000a   Code   RO         5748    .text               mc_w.l(isspace_c.o)
    0x08000936   0x00000002   PAD
    0x08000938   0x0000032c   Code   RO         5750    .text               mc_w.l(_scanf.o)
    0x08000c64   0x00000028   Code   RO         5752    .text               mc_w.l(ctype_c.o)
    0x08000c8c   0x00000056   Code   RO         5763    .text               mc_w.l(__dczerorl2.o)
    0x08000ce2   0x00000004   Code   RO          225    i.BusFault_Handler  stm32f10x_it.o
    0x08000ce6   0x00000002   PAD
    0x08000ce8   0x00000060   Code   RO          817    i.CmdResp1Error     sdio_sdcard.o
    0x08000d48   0x00000002   Code   RO          226    i.DebugMon_Handler  stm32f10x_it.o
    0x08000d4a   0x00000116   Code   RO         1812    i.GPIO_Init         stm32f10x_gpio.o
    0x08000e60   0x00000012   Code   RO         1816    i.GPIO_ReadInputDataBit  stm32f10x_gpio.o
    0x08000e72   0x00000004   Code   RO         1820    i.GPIO_SetBits      stm32f10x_gpio.o
    0x08000e76   0x00000004   Code   RO          227    i.HardFault_Handler  stm32f10x_it.o
    0x08000e7a   0x00000002   PAD
    0x08000e7c   0x000000ac   Code   RO         3882    i.Json_Create       mqtt.o
    0x08000f28   0x00000100   Code   RO         3883    i.Json_Parse_Aliyun  mqtt.o
    0x08001028   0x00000078   Code   RO         3884    i.Json_Parse_ZigBee  mqtt.o
    0x080010a0   0x0000003c   Code   RO          575    i.KEY_Init          key.o
    0x080010dc   0x000000c8   Code   RO          576    i.KEY_Scan          key.o
    0x080011a4   0x0000004c   Code   RO          804    i.LED_Init          led.o
    0x080011f0   0x00000036   Code   RO         3608    i.MQTTPacket_encode  mqttpacket.o
    0x08001226   0x00000002   PAD
    0x08001228   0x00000028   Code   RO         3610    i.MQTTPacket_len    mqttpacket.o
    0x08001250   0x00000168   Code   RO         3464    i.MQTTSerialize_connect  mqttconnectclient.o
    0x080013b8   0x00000076   Code   RO         3465    i.MQTTSerialize_connectLength  mqttconnectclient.o
    0x0800142e   0x000000b0   Code   RO         3723    i.MQTTSerialize_publish  mqttserializepublish.o
    0x080014de   0x00000022   Code   RO         3724    i.MQTTSerialize_publishLength  mqttserializepublish.o
    0x08001500   0x00000088   Code   RO         3885    i.MQTT_Connect      mqtt.o
    0x08001588   0x000000a0   Code   RO         3886    i.MQTT_HandleKeys   mqtt.o
    0x08001628   0x0000015c   Code   RO         3887    i.MQTT_Init         mqtt.o
    0x08001784   0x000000e8   Code   RO         3889    i.MQTT_Process      mqtt.o
    0x0800186c   0x0000006c   Code   RO         3890    i.MQTT_Publish      mqtt.o
    0x080018d8   0x00000090   Code   RO         3891    i.MQTT_Subscribe    mqtt.o
    0x08001968   0x00000018   Code   RO         3613    i.MQTTstrlen        mqttpacket.o
    0x08001980   0x00000004   Code   RO          228    i.MemManage_Handler  stm32f10x_it.o
    0x08001984   0x00000002   Code   RO          229    i.NMI_Handler       stm32f10x_it.o
    0x08001986   0x00000002   PAD
    0x08001988   0x00000070   Code   RO         1524    i.NVIC_Init         misc.o
    0x080019f8   0x00000014   Code   RO         1525    i.NVIC_PriorityGroupConfig  misc.o
    0x08001a0c   0x00000002   Code   RO          230    i.PendSV_Handler    stm32f10x_it.o
    0x08001a0e   0x00000002   PAD
    0x08001a10   0x00000064   Code   RO         3892    i.RAIN_Auto_Process  mqtt.o
    0x08001a74   0x00000020   Code   RO         1922    i.RCC_APB1PeriphClockCmd  stm32f10x_rcc.o
    0x08001a94   0x00000020   Code   RO         1923    i.RCC_APB1PeriphResetCmd  stm32f10x_rcc.o
    0x08001ab4   0x00000020   Code   RO         1924    i.RCC_APB2PeriphClockCmd  stm32f10x_rcc.o
    0x08001ad4   0x00000020   Code   RO         1925    i.RCC_APB2PeriphResetCmd  stm32f10x_rcc.o
    0x08001af4   0x000000d4   Code   RO         1932    i.RCC_GetClocksFreq  stm32f10x_rcc.o
    0x08001bc8   0x0000000c   Code   RO         2121    i.SDIO_ClearFlag    stm32f10x_sdio.o
    0x08001bd4   0x00000018   Code   RO         2133    i.SDIO_GetFlagStatus  stm32f10x_sdio.o
    0x08001bec   0x00000008   Code   RO          826    i.SDIO_IRQHandler   sdio_sdcard.o
    0x08001bf4   0x0000002c   Code   RO         2141    i.SDIO_SendCommand  stm32f10x_sdio.o
    0x08001c20   0x0000013c   Code   RO          835    i.SD_ProcessIRQSrc  sdio_sdcard.o
    0x08001d5c   0x00000002   Code   RO          231    i.SVC_Handler       stm32f10x_it.o
    0x08001d5e   0x00000008   Code   RO          314    i.SetSysClock       system_stm32f10x.o
    0x08001d66   0x00000002   PAD
    0x08001d68   0x000000e0   Code   RO          315    i.SetSysClockTo72   system_stm32f10x.o
    0x08001e48   0x0000002c   Code   RO         4616    i.Show_Str          text.o
    0x08001e74   0x00000028   Code   RO         1528    i.SysTick_CLKSourceConfig  misc.o
    0x08001e9c   0x00000002   Code   RO          232    i.SysTick_Handler   stm32f10x_it.o
    0x08001e9e   0x00000002   PAD
    0x08001ea0   0x00000060   Code   RO          317    i.SystemInit        system_stm32f10x.o
    0x08001f00   0x00000038   Code   RO         3248    i.TIM4_IRQHandler   usmart.o
    0x08001f38   0x00000034   Code   RO         1043    i.TIM6_IRQHandler   timer.o
    0x08001f6c   0x00000060   Code   RO         1044    i.TIM6_Int_Init     timer.o
    0x08001fcc   0x00000034   Code   RO         1045    i.TIM7_IRQHandler   timer.o
    0x08002000   0x00000060   Code   RO         1046    i.TIM7_Int_Init     timer.o
    0x08002060   0x00000006   Code   RO         2460    i.TIM_ClearFlag     stm32f10x_tim.o
    0x08002066   0x00000006   Code   RO         2461    i.TIM_ClearITPendingBit  stm32f10x_tim.o
    0x0800206c   0x00000018   Code   RO         2466    i.TIM_Cmd           stm32f10x_tim.o
    0x08002084   0x00000006   Code   RO         2485    i.TIM_GetCounter    stm32f10x_tim.o
    0x0800208a   0x00000012   Code   RO         2486    i.TIM_GetFlagStatus  stm32f10x_tim.o
    0x0800209c   0x00000022   Code   RO         2487    i.TIM_GetITStatus   stm32f10x_tim.o
    0x080020be   0x00000012   Code   RO         2491    i.TIM_ITConfig      stm32f10x_tim.o
    0x080020d0   0x00000004   Code   RO         2525    i.TIM_SetAutoreload  stm32f10x_tim.o
    0x080020d4   0x00000004   Code   RO         2531    i.TIM_SetCounter    stm32f10x_tim.o
    0x080020d8   0x000000a4   Code   RO         2537    i.TIM_TimeBaseInit  stm32f10x_tim.o
    0x0800217c   0x0000005c   Code   RO         3249    i.Timer4_Init       usmart.o
    0x080021d8   0x00000088   Code   RO          420    i.USART1_IRQHandler  usart.o
    0x08002260   0x000000f8   Code   RO         1492    i.USART2_IRQHandler  usart2.o
    0x08002358   0x000000f8   Code   RO         1350    i.USART3_IRQHandler  usart3.o
    0x08002450   0x00000018   Code   RO         3002    i.USART_Cmd         stm32f10x_usart.o
    0x08002468   0x0000009c   Code   RO         3004    i.USART_DeInit      stm32f10x_usart.o
    0x08002504   0x0000001a   Code   RO         3005    i.USART_GetFlagStatus  stm32f10x_usart.o
    0x0800251e   0x00000054   Code   RO         3006    i.USART_GetITStatus  stm32f10x_usart.o
    0x08002572   0x0000004a   Code   RO         3008    i.USART_ITConfig    stm32f10x_usart.o
    0x080025bc   0x000000d8   Code   RO         3009    i.USART_Init        stm32f10x_usart.o
    0x08002694   0x0000000a   Code   RO         3016    i.USART_ReceiveData  stm32f10x_usart.o
    0x0800269e   0x00000008   Code   RO         3019    i.USART_SendData    stm32f10x_usart.o
    0x080026a6   0x00000004   Code   RO          233    i.UsageFault_Handler  stm32f10x_it.o
    0x080026aa   0x00000002   PAD
    0x080026ac   0x00000020   Code   RO         5592    i.__0printf         mc_w.l(printfa.o)
    0x080026cc   0x00000028   Code   RO         5594    i.__0sprintf        mc_w.l(printfa.o)
    0x080026f4   0x00000024   Code   RO         5598    i.__0vsprintf       mc_w.l(printfa.o)
    0x08002718   0x0000005c   Code   RO         5624    i.__free$realloc    mc_w.l(mallocr.o)
    0x08002774   0x0000000e   Code   RO         5757    i.__scatterload_copy  mc_w.l(handlers.o)
    0x08002782   0x00000002   Code   RO         5758    i.__scatterload_null  mc_w.l(handlers.o)
    0x08002784   0x0000000e   Code   RO         5759    i.__scatterload_zeroinit  mc_w.l(handlers.o)
    0x08002792   0x00000002   PAD
    0x08002794   0x00000164   Code   RO         5599    i._fp_digits        mc_w.l(printfa.o)
    0x080028f8   0x000006dc   Code   RO         5600    i._printf_core      mc_w.l(printfa.o)
    0x08002fd4   0x00000024   Code   RO         5601    i._printf_post_padding  mc_w.l(printfa.o)
    0x08002ff8   0x0000002e   Code   RO         5602    i._printf_pre_padding  mc_w.l(printfa.o)
    0x08003026   0x0000000a   Code   RO         5604    i._sputc            mc_w.l(printfa.o)
    0x08003030   0x00000034   Code   RO         3411    i.atk_8266_check_cmd  common.o
    0x08003064   0x00000070   Code   RO         3413    i.atk_8266_quit_trans  common.o
    0x080030d4   0x00000060   Code   RO         3414    i.atk_8266_send_cmd  common.o
    0x08003134   0x00000044   Code   RO          366    i.delay_init        delay.o
    0x08003178   0x0000004c   Code   RO          367    i.delay_ms          delay.o
    0x080031c4   0x0000001c   Code   RO          422    i.fputc             usart.o
    0x080031e0   0x0000019c   Code   RO            1    i.main              main.o
    0x0800337c   0x00000006   Code   RO         3250    i.read_addr         usmart.o
    0x08003382   0x00000026   Code   RO         3850    i.transport_sendPacketBuffer  transport.o
    0x080033a8   0x00000050   Code   RO         1493    i.u2_printf         usart2.o
    0x080033f8   0x00000050   Code   RO         1351    i.u3_printf         usart3.o
    0x08003448   0x000000a0   Code   RO          423    i.uart_init         usart.o
    0x080034e8   0x000000cc   Code   RO         1494    i.usart2_init       usart2.o
    0x080035b4   0x000000cc   Code   RO         1352    i.usart3_init       usart3.o
    0x08003680   0x000000b0   Code   RO         3251    i.usmart_cmd_rec    usmart.o
    0x08003730   0x000002d4   Code   RO         3252    i.usmart_exe        usmart.o
    0x08003a04   0x000000c8   Code   RO         3337    i.usmart_get_aparm  usmart_str.o
    0x08003acc   0x00000036   Code   RO         3338    i.usmart_get_cmdname  usmart_str.o
    0x08003b02   0x00000002   PAD
    0x08003b04   0x000001c0   Code   RO         3339    i.usmart_get_fname  usmart_str.o
    0x08003cc4   0x0000010c   Code   RO         3340    i.usmart_get_fparam  usmart_str.o
    0x08003dd0   0x00000020   Code   RO         3341    i.usmart_get_parmpos  usmart_str.o
    0x08003df0   0x00000044   Code   RO         3253    i.usmart_get_runtime  usmart.o
    0x08003e34   0x00000028   Code   RO         3254    i.usmart_init       usmart.o
    0x08003e5c   0x00000016   Code   RO         3342    i.usmart_pow        usmart_str.o
    0x08003e72   0x00000002   PAD
    0x08003e74   0x00000030   Code   RO         3255    i.usmart_reset_runtime  usmart.o
    0x08003ea4   0x000000bc   Code   RO         3256    i.usmart_scan       usmart.o
    0x08003f60   0x00000016   Code   RO         3343    i.usmart_search_nextc  usmart_str.o
    0x08003f76   0x000000ca   Code   RO         3344    i.usmart_str2num    usmart_str.o
    0x08004040   0x00000022   Code   RO         3345    i.usmart_strcmp     usmart_str.o
    0x08004062   0x00000016   Code   RO         3346    i.usmart_strcopy    usmart_str.o
    0x08004078   0x00000018   Code   RO         3347    i.usmart_strlen     usmart_str.o
    0x08004090   0x000006e4   Code   RO         3257    i.usmart_sys_cmd_exe  usmart.o
    0x08004774   0x00000028   Code   RO         3619    i.writeCString      mqttpacket.o
    0x0800479c   0x0000000c   Code   RO         3620    i.writeChar         mqttpacket.o
    0x080047a8   0x00000030   Code   RO         3621    i.writeInt          mqttpacket.o
    0x080047d8   0x0000003e   Code   RO         3622    i.writeMQTTString   mqttpacket.o
    0x08004816   0x00000004   Code   RO         3258    i.write_addr        usmart.o
    0x0800481a   0x00000002   PAD
    0x0800481c   0x00000058   Data   RO         3894    .constdata          mqtt.o
    0x08004874   0x00000040   Data   RO         5753    .constdata          mc_w.l(ctype_c.o)
    0x080048b4   0x00000028   Data   RO         3259    .conststring        usmart.o
    0x080048dc   0x00000090   Data   RO         3324    .conststring        usmart_config.o
    0x0800496c   0x00000176   Data   RO         3895    .conststring        mqtt.o
    0x08004ae2   0x00000002   PAD
    0x08004ae4   0x00000020   Data   RO         5755    Region$$Table       anon$$obj.o


    Execution Region RW_IRAM1 (Base: 0x20000000, Size: 0x00009070, Max: 0x00010000, ABSOLUTE, COMPRESSED[0x00000070])

    Base Addr    Size         Type   Attr      Idx    E Section Name        Object

    0x20000000   0x00000014   Data   RW          318    .data               system_stm32f10x.o
    0x20000014   0x00000004   Data   RW          369    .data               delay.o
    0x20000018   0x00000006   Data   RW          425    .data               usart.o
    0x2000001e   0x00000001   Data   RW          577    .data               key.o
    0x2000001f   0x00000001   PAD
    0x20000020   0x00000010   Data   RW          847    .data               sdio_sdcard.o
    0x20000030   0x00000004   Data   RW         1354    .data               usart3.o
    0x20000034   0x00000004   Data   RW         1496    .data               usart2.o
    0x20000038   0x00000014   Data   RW         1952    .data               stm32f10x_rcc.o
    0x2000004c   0x0000001c   Data   RW         3260    .data               usmart.o
    0x20000068   0x00000114   Data   RW         3325    .data               usmart_config.o
    0x2000017c   0x0000000e   Data   RW         3896    .data               mqtt.o
    0x2000018a   0x00000002   PAD
    0x2000018c   0x00000004   Data   RW         5714    .data               mc_w.l(mvars.o)
    0x20000190   0x000000c8   Zero   RW          424    .bss                usart.o
    0x20000258   0x000002c0   Zero   RW          846    .bss                sdio_sdcard.o
    0x20000518   0x000004b0   Zero   RW         1353    .bss                usart3.o
    0x200009c8   0x000004b0   Zero   RW         1495    .bss                usart2.o
    0x20000e78   0x000001f4   Zero   RW         3893    .bss                mqtt.o
    0x2000106c   0x00000004   PAD
    0x20001070   0x00008000   Zero   RW          359    STACK               startup_stm32f10x_hd.o



  Load Region LR$$.ARM.__AT_0x68000000 (Base: 0x68000000, Size: 0x00000000, Max: 0x000f0000, ABSOLUTE)

    Execution Region ER$$.ARM.__AT_0x68000000 (Base: 0x68000000, Size: 0x000f0000, Max: 0x000f0000, ABSOLUTE, UNINIT)

    Base Addr    Size         Type   Attr      Idx    E Section Name        Object

    0x68000000   0x000f0000   Zero   RW         3187    .ARM.__AT_0x68000000  malloc.o



  Load Region LR$$.ARM.__AT_0x680F0000 (Base: 0x680f0000, Size: 0x00000000, Max: 0x0000f000, ABSOLUTE)

    Execution Region ER$$.ARM.__AT_0x680F0000 (Base: 0x680f0000, Size: 0x0000f000, Max: 0x0000f000, ABSOLUTE, UNINIT)

    Base Addr    Size         Type   Attr      Idx    E Section Name        Object

    0x680f0000   0x0000f000   Zero   RW         3188    .ARM.__AT_0x680F0000  malloc.o


==============================================================================

Image component sizes


      Code (inc. data)   RO Data    RW Data    ZI Data      Debug   Object Name

       260         32          0          0          0       2355   common.o
         0          0          0          0          0         32   core_cm3.o
       144         22          0          4          0       1308   delay.o
       260         20          0          1          0       1246   key.o
        76          8          0          0          0        543   led.o
       412        210          0          0          0     265579   main.o
         0          0          0          0    1044480       1693   malloc.o
       172         22          0          0          0       2221   misc.o
      1776        758        462         14        500       7340   mqtt.o
       478         18          0          0          0       2086   mqttconnectclient.o
       280          6          0          0          0       4230   mqttpacket.o
       210          0          0          0          0       1770   mqttserializepublish.o
       420         26          0         16        704      11670   sdio_sdcard.o
        36          8        304          0      32768        828   startup_stm32f10x_hd.o
       300          0          0          0          0       3259   stm32f10x_gpio.o
        26          0          0          0          0       4074   stm32f10x_it.o
       340         44          0         20          0       5872   stm32f10x_rcc.o
        80         16          0          0          0       3601   stm32f10x_sdio.o
       284         42          0          0          0       6724   stm32f10x_tim.o
       598         28          0          0          0       7076   stm32f10x_usart.o
       328         28          0         20          0       2297   system_stm32f10x.o
        44         16          0          0          0       1267   text.o
       296         32          0          0          0       2400   timer.o
        38          0          0          0          0       1293   transport.o
       324         26          0          6        200       3848   usart.o
       532         56          0          4       1200       3121   usart2.o
       532         54          0          4       1200       3687   usart3.o
      3166       1330         40         28          0       8050   usmart.o
         0          0        144        276          0       1640   usmart_config.o
      1328         20          0          0          0       8785   usmart_str.o

    ----------------------------------------------------------------------
     12762       2822        984        396    1081056     369895   Object Totals
         0          0         32          0          0          0   (incl. Generated)
        22          0          2          3          4          0   (incl. Padding)

    ----------------------------------------------------------------------

      Code (inc. data)   RO Data    RW Data    ZI Data      Debug   Library Member Name

        56          8          0          0          0         84   __0sscanf.o
        86          0          0          0          0          0   __dczerorl2.o
        28          0          0          0          0         68   _chval.o
       812          4          0          0          0        112   _scanf.o
       332          0          0          0          0         96   _scanf_int.o
        64          0          0          0          0         84   _sgetc.o
        40          6         64          0          0         68   ctype_c.o
         0          0          0          0          0          0   entry.o
         0          0          0          0          0          0   entry10a.o
         0          0          0          0          0          0   entry11a.o
         8          4          0          0          0          0   entry2.o
         4          0          0          0          0          0   entry5.o
         0          0          0          0          0          0   entry7b.o
         0          0          0          0          0          0   entry8b.o
         8          4          0          0          0          0   entry9a.o
        30          0          0          0          0          0   handlers.o
        36          8          0          0          0         68   init.o
        10          0          0          0          0         68   isspace_c.o
         0          0          0          0          0          0   iusefp.o
        30          0          0          0          0         68   llshl.o
        36          0          0          0          0         68   llsshr.o
        32          0          0          0          0         68   llushr.o
        92          4          0          0          0         80   mallocr.o
        36          0          0          0          0         68   memcpya.o
        36          0          0          0          0        108   memseta.o
         0          0          0          4          0          0   mvars.o
      2312        102          0          0          0        676   printfa.o
        40          8          0          0          0         84   scanf_char.o
        14          0          0          0          0         68   strlen.o
        36          0          0          0          0         80   strstr.o
        44          0          0          0          0         80   uidiv.o
        98          0          0          0          0         92   uldiv.o
        48          0          0          0          0         68   cdrcmple.o
       334          0          0          0          0        148   dadd.o
       222          0          0          0          0        100   ddiv.o
       186          0          0          0          0        176   depilogue.o
        48          0          0          0          0         68   dfixul.o
       228          0          0          0          0         96   dmul.o

    ----------------------------------------------------------------------
      5394        148         64          4          0       2844   Library Totals
         8          0          0          0          0          0   (incl. Padding)

    ----------------------------------------------------------------------

      Code (inc. data)   RO Data    RW Data    ZI Data      Debug   Library Name

      4320        148         64          4          0       2188   mc_w.l
      1066          0          0          0          0        656   mf_w.l

    ----------------------------------------------------------------------
      5394        148         64          4          0       2844   Library Totals

    ----------------------------------------------------------------------

==============================================================================


      Code (inc. data)   RO Data    RW Data    ZI Data      Debug   

     18156       2970       1048        400    1081056     365639   Grand Totals
     18156       2970       1048        112    1081056     365639   ELF Image Totals (compressed)
     18156       2970       1048        112          0          0   ROM Totals

==============================================================================

    Total RO  Size (Code + RO Data)                19204 (  18.75kB)
    Total RW  Size (RW Data + ZI Data)           1081456 (1056.11kB)
    Total ROM Size (Code + RO Data + RW Data)      19316 (  18.86kB)

==============================================================================

